../Core/Src/main.c:89:6:MPU6050_Init	32	static
../Core/Src/main.c:122:6:MPU6050_Read_Accel	32	static
../Core/Src/main.c:145:6:MPU6050_Read_Gyro	32	static
../Core/Src/main.c:172:5:main	40	static
../Core/Src/main.c:364:6:SystemClock_Config	72	static
../Core/Src/main.c:404:13:MX_I2C1_Init	8	static
../Core/Src/main.c:438:13:MX_I2C2_Init	8	static
../Core/Src/main.c:472:13:MX_TIM2_Init	64	static
../Core/Src/main.c:543:13:MX_GPIO_Init	24	static
../Core/Src/main.c:561:6:Error_Handler	4	static,ignoring_inline_asm
