11:42:53 **** Clean-only build of configuration Debug for project multi_mode_traffic_light ****
make -j8 clean 
rm -rf ./Drivers/STM32F1xx_HAL_Driver/Src/stm32f1xx_hal.d ./Drivers/STM32F1xx_HAL_Driver/Src/stm32f1xx_hal.o ./Drivers/STM32F1xx_HAL_Driver/Src/stm32f1xx_hal.su ./Drivers/STM32F1xx_HAL_Driver/Src/stm32f1xx_hal_cortex.d ./Drivers/STM32F1xx_HAL_Driver/Src/stm32f1xx_hal_cortex.o ./Drivers/STM32F1xx_HAL_Driver/Src/stm32f1xx_hal_cortex.su ./Drivers/STM32F1xx_HAL_Driver/Src/stm32f1xx_hal_dma.d ./Drivers/STM32F1xx_HAL_Driver/Src/stm32f1xx_hal_dma.o ./Drivers/STM32F1xx_HAL_Driver/Src/stm32f1xx_hal_dma.su ./Drivers/STM32F1xx_HAL_Driver/Src/stm32f1xx_hal_exti.d ./Drivers/STM32F1xx_HAL_Driver/Src/stm32f1xx_hal_exti.o ./Drivers/STM32F1xx_HAL_Driver/Src/stm32f1xx_hal_exti.su ./Drivers/STM32F1xx_HAL_Driver/Src/stm32f1xx_hal_flash.d ./Drivers/STM32F1xx_HAL_Driver/Src/stm32f1xx_hal_flash.o ./Drivers/STM32F1xx_HAL_Driver/Src/stm32f1xx_hal_flash.su ./Drivers/STM32F1xx_HAL_Driver/Src/stm32f1xx_hal_flash_ex.d ./Drivers/STM32F1xx_HAL_Driver/Src/stm32f1xx_hal_flash_ex.o ./Drivers/STM32F1xx_HAL_Driver/Src/stm32f1xx_hal_flash_ex.su ./Drivers/STM32F1xx_HAL_Driver/Src/stm32f1xx_hal_gpio.d ./Drivers/STM32F1xx_HAL_Driver/Src/stm32f1xx_hal_gpio.o ./Drivers/STM32F1xx_HAL_Driver/Src/stm32f1xx_hal_gpio.su ./Drivers/STM32F1xx_HAL_Driver/Src/stm32f1xx_hal_gpio_ex.d ./Drivers/STM32F1xx_HAL_Driver/Src/stm32f1xx_hal_gpio_ex.o ./Drivers/STM32F1xx_HAL_Driver/Src/stm32f1xx_hal_gpio_ex.su ./Drivers/STM32F1xx_HAL_Driver/Src/stm32f1xx_hal_pwr.d ./Drivers/STM32F1xx_HAL_Driver/Src/stm32f1xx_hal_pwr.o ./Drivers/STM32F1xx_HAL_Driver/Src/stm32f1xx_hal_pwr.su ./Drivers/STM32F1xx_HAL_Driver/Src/stm32f1xx_hal_rcc.d ./Drivers/STM32F1xx_HAL_Driver/Src/stm32f1xx_hal_rcc.o ./Drivers/STM32F1xx_HAL_Driver/Src/stm32f1xx_hal_rcc.su ./Drivers/STM32F1xx_HAL_Driver/Src/stm32f1xx_hal_rcc_ex.d ./Drivers/STM32F1xx_HAL_Driver/Src/stm32f1xx_hal_rcc_ex.o ./Drivers/STM32F1xx_HAL_Driver/Src/stm32f1xx_hal_rcc_ex.su ./Drivers/STM32F1xx_HAL_Driver/Src/stm32f1xx_hal_tim.d ./Drivers/STM32F1xx_HAL_Driver/Src/stm32f1xx_hal_tim.o ./Drivers/STM32F1xx_HAL_Driver/Src/stm32f1xx_hal_tim.su ./Drivers/STM32F1xx_HAL_Driver/Src/stm32f1xx_hal_tim_ex.d ./Drivers/STM32F1xx_HAL_Driver/Src/stm32f1xx_hal_tim_ex.o ./Drivers/STM32F1xx_HAL_Driver/Src/stm32f1xx_hal_tim_ex.su
rm -rf ./Core/Startup/startup_stm32f103c8tx.d ./Core/Startup/startup_stm32f103c8tx.o
rm -rf ./Core/Src/main.d ./Core/Src/main.o ./Core/Src/main.su ./Core/Src/stm32f1xx_hal_msp.d ./Core/Src/stm32f1xx_hal_msp.o ./Core/Src/stm32f1xx_hal_msp.su ./Core/Src/stm32f1xx_it.d ./Core/Src/stm32f1xx_it.o ./Core/Src/stm32f1xx_it.su ./Core/Src/syscalls.d ./Core/Src/syscalls.o ./Core/Src/syscalls.su ./Core/Src/sysmem.d ./Core/Src/sysmem.o ./Core/Src/sysmem.su ./Core/Src/system_stm32f1xx.d ./Core/Src/system_stm32f1xx.o ./Core/Src/system_stm32f1xx.su
rm -rf default.size.stdout multi_mode_traffic_light.elf multi_mode_traffic_light.list multi_mode_traffic_light.map
 
12:13:50 **** Build of configuration Debug for project multimode_trafficlight ****
make -j8 all 
arm-none-eabi-gcc "../Drivers/STM32F1xx_HAL_Driver/Src/stm32f1xx_hal.c" -mcpu=cortex-m3 -std=gnu11 -g3 -DDEBUG -DUSE_HAL_DRIVER -DSTM32F103xB -c -I../Core/Inc -I../Drivers/STM32F1xx_HAL_Driver/Inc -I../Drivers/STM32F1xx_HAL_Driver/Inc/Legacy -I../Drivers/CMSIS/Device/ST/STM32F1xx/Include -I../Drivers/CMSIS/Include -O0 -ffunction-sections -fdata-sections -Wall -fstack-usage -MMD -MP -MF"Drivers/STM32F1xx_HAL_Driver/Src/stm32f1xx_hal.d" -MT"Drivers/STM32F1xx_HAL_Driver/Src/stm32f1xx_hal.o" --specs=nano.specs -mfloat-abi=soft -mthumb -o "Drivers/STM32F1xx_HAL_Driver/Src/stm32f1xx_hal.o"
arm-none-eabi-gcc "../Drivers/STM32F1xx_HAL_Driver/Src/stm32f1xx_hal_cortex.c" -mcpu=cortex-m3 -std=gnu11 -g3 -DDEBUG -DUSE_HAL_DRIVER -DSTM32F103xB -c -I../Core/Inc -I../Drivers/STM32F1xx_HAL_Driver/Inc -I../Drivers/STM32F1xx_HAL_Driver/Inc/Legacy -I../Drivers/CMSIS/Device/ST/STM32F1xx/Include -I../Drivers/CMSIS/Include -O0 -ffunction-sections -fdata-sections -Wall -fstack-usage -MMD -MP -MF"Drivers/STM32F1xx_HAL_Driver/Src/stm32f1xx_hal_cortex.d" -MT"Drivers/STM32F1xx_HAL_Driver/Src/stm32f1xx_hal_cortex.o" --specs=nano.specs -mfloat-abi=soft -mthumb -o "Drivers/STM32F1xx_HAL_Driver/Src/stm32f1xx_hal_cortex.o"
arm-none-eabi-gcc "../Drivers/STM32F1xx_HAL_Driver/Src/stm32f1xx_hal_dma.c" -mcpu=cortex-m3 -std=gnu11 -g3 -DDEBUG -DUSE_HAL_DRIVER -DSTM32F103xB -c -I../Core/Inc -I../Drivers/STM32F1xx_HAL_Driver/Inc -I../Drivers/STM32F1xx_HAL_Driver/Inc/Legacy -I../Drivers/CMSIS/Device/ST/STM32F1xx/Include -I../Drivers/CMSIS/Include -O0 -ffunction-sections -fdata-sections -Wall -fstack-usage -MMD -MP -MF"Drivers/STM32F1xx_HAL_Driver/Src/stm32f1xx_hal_dma.d" -MT"Drivers/STM32F1xx_HAL_Driver/Src/stm32f1xx_hal_dma.o" --specs=nano.specs -mfloat-abi=soft -mthumb -o "Drivers/STM32F1xx_HAL_Driver/Src/stm32f1xx_hal_dma.o"
arm-none-eabi-gcc "../Drivers/STM32F1xx_HAL_Driver/Src/stm32f1xx_hal_exti.c" -mcpu=cortex-m3 -std=gnu11 -g3 -DDEBUG -DUSE_HAL_DRIVER -DSTM32F103xB -c -I../Core/Inc -I../Drivers/STM32F1xx_HAL_Driver/Inc -I../Drivers/STM32F1xx_HAL_Driver/Inc/Legacy -I../Drivers/CMSIS/Device/ST/STM32F1xx/Include -I../Drivers/CMSIS/Include -O0 -ffunction-sections -fdata-sections -Wall -fstack-usage -MMD -MP -MF"Drivers/STM32F1xx_HAL_Driver/Src/stm32f1xx_hal_exti.d" -MT"Drivers/STM32F1xx_HAL_Driver/Src/stm32f1xx_hal_exti.o" --specs=nano.specs -mfloat-abi=soft -mthumb -o "Drivers/STM32F1xx_HAL_Driver/Src/stm32f1xx_hal_exti.o"
arm-none-eabi-gcc "../Drivers/STM32F1xx_HAL_Driver/Src/stm32f1xx_hal_flash.c" -mcpu=cortex-m3 -std=gnu11 -g3 -DDEBUG -DUSE_HAL_DRIVER -DSTM32F103xB -c -I../Core/Inc -I../Drivers/STM32F1xx_HAL_Driver/Inc -I../Drivers/STM32F1xx_HAL_Driver/Inc/Legacy -I../Drivers/CMSIS/Device/ST/STM32F1xx/Include -I../Drivers/CMSIS/Include -O0 -ffunction-sections -fdata-sections -Wall -fstack-usage -MMD -MP -MF"Drivers/STM32F1xx_HAL_Driver/Src/stm32f1xx_hal_flash.d" -MT"Drivers/STM32F1xx_HAL_Driver/Src/stm32f1xx_hal_flash.o" --specs=nano.specs -mfloat-abi=soft -mthumb -o "Drivers/STM32F1xx_HAL_Driver/Src/stm32f1xx_hal_flash.o"
arm-none-eabi-gcc "../Drivers/STM32F1xx_HAL_Driver/Src/stm32f1xx_hal_flash_ex.c" -mcpu=cortex-m3 -std=gnu11 -g3 -DDEBUG -DUSE_HAL_DRIVER -DSTM32F103xB -c -I../Core/Inc -I../Drivers/STM32F1xx_HAL_Driver/Inc -I../Drivers/STM32F1xx_HAL_Driver/Inc/Legacy -I../Drivers/CMSIS/Device/ST/STM32F1xx/Include -I../Drivers/CMSIS/Include -O0 -ffunction-sections -fdata-sections -Wall -fstack-usage -MMD -MP -MF"Drivers/STM32F1xx_HAL_Driver/Src/stm32f1xx_hal_flash_ex.d" -MT"Drivers/STM32F1xx_HAL_Driver/Src/stm32f1xx_hal_flash_ex.o" --specs=nano.specs -mfloat-abi=soft -mthumb -o "Drivers/STM32F1xx_HAL_Driver/Src/stm32f1xx_hal_flash_ex.o"
arm-none-eabi-gcc "../Drivers/STM32F1xx_HAL_Driver/Src/stm32f1xx_hal_gpio.c" -mcpu=cortex-m3 -std=gnu11 -g3 -DDEBUG -DUSE_HAL_DRIVER -DSTM32F103xB -c -I../Core/Inc -I../Drivers/STM32F1xx_HAL_Driver/Inc -I../Drivers/STM32F1xx_HAL_Driver/Inc/Legacy -I../Drivers/CMSIS/Device/ST/STM32F1xx/Include -I../Drivers/CMSIS/Include -O0 -ffunction-sections -fdata-sections -Wall -fstack-usage -MMD -MP -MF"Drivers/STM32F1xx_HAL_Driver/Src/stm32f1xx_hal_gpio.d" -MT"Drivers/STM32F1xx_HAL_Driver/Src/stm32f1xx_hal_gpio.o" --specs=nano.specs -mfloat-abi=soft -mthumb -o "Drivers/STM32F1xx_HAL_Driver/Src/stm32f1xx_hal_gpio.o"
arm-none-eabi-gcc "../Drivers/STM32F1xx_HAL_Driver/Src/stm32f1xx_hal_gpio_ex.c" -mcpu=cortex-m3 -std=gnu11 -g3 -DDEBUG -DUSE_HAL_DRIVER -DSTM32F103xB -c -I../Core/Inc -I../Drivers/STM32F1xx_HAL_Driver/Inc -I../Drivers/STM32F1xx_HAL_Driver/Inc/Legacy -I../Drivers/CMSIS/Device/ST/STM32F1xx/Include -I../Drivers/CMSIS/Include -O0 -ffunction-sections -fdata-sections -Wall -fstack-usage -MMD -MP -MF"Drivers/STM32F1xx_HAL_Driver/Src/stm32f1xx_hal_gpio_ex.d" -MT"Drivers/STM32F1xx_HAL_Driver/Src/stm32f1xx_hal_gpio_ex.o" --specs=nano.specs -mfloat-abi=soft -mthumb -o "Drivers/STM32F1xx_HAL_Driver/Src/stm32f1xx_hal_gpio_ex.o"
arm-none-eabi-gcc "../Drivers/STM32F1xx_HAL_Driver/Src/stm32f1xx_hal_pwr.c" -mcpu=cortex-m3 -std=gnu11 -g3 -DDEBUG -DUSE_HAL_DRIVER -DSTM32F103xB -c -I../Core/Inc -I../Drivers/STM32F1xx_HAL_Driver/Inc -I../Drivers/STM32F1xx_HAL_Driver/Inc/Legacy -I../Drivers/CMSIS/Device/ST/STM32F1xx/Include -I../Drivers/CMSIS/Include -O0 -ffunction-sections -fdata-sections -Wall -fstack-usage -MMD -MP -MF"Drivers/STM32F1xx_HAL_Driver/Src/stm32f1xx_hal_pwr.d" -MT"Drivers/STM32F1xx_HAL_Driver/Src/stm32f1xx_hal_pwr.o" --specs=nano.specs -mfloat-abi=soft -mthumb -o "Drivers/STM32F1xx_HAL_Driver/Src/stm32f1xx_hal_pwr.o"
arm-none-eabi-gcc "../Drivers/STM32F1xx_HAL_Driver/Src/stm32f1xx_hal_rcc.c" -mcpu=cortex-m3 -std=gnu11 -g3 -DDEBUG -DUSE_HAL_DRIVER -DSTM32F103xB -c -I../Core/Inc -I../Drivers/STM32F1xx_HAL_Driver/Inc -I../Drivers/STM32F1xx_HAL_Driver/Inc/Legacy -I../Drivers/CMSIS/Device/ST/STM32F1xx/Include -I../Drivers/CMSIS/Include -O0 -ffunction-sections -fdata-sections -Wall -fstack-usage -MMD -MP -MF"Drivers/STM32F1xx_HAL_Driver/Src/stm32f1xx_hal_rcc.d" -MT"Drivers/STM32F1xx_HAL_Driver/Src/stm32f1xx_hal_rcc.o" --specs=nano.specs -mfloat-abi=soft -mthumb -o "Drivers/STM32F1xx_HAL_Driver/Src/stm32f1xx_hal_rcc.o"
arm-none-eabi-gcc "../Drivers/STM32F1xx_HAL_Driver/Src/stm32f1xx_hal_rcc_ex.c" -mcpu=cortex-m3 -std=gnu11 -g3 -DDEBUG -DUSE_HAL_DRIVER -DSTM32F103xB -c -I../Core/Inc -I../Drivers/STM32F1xx_HAL_Driver/Inc -I../Drivers/STM32F1xx_HAL_Driver/Inc/Legacy -I../Drivers/CMSIS/Device/ST/STM32F1xx/Include -I../Drivers/CMSIS/Include -O0 -ffunction-sections -fdata-sections -Wall -fstack-usage -MMD -MP -MF"Drivers/STM32F1xx_HAL_Driver/Src/stm32f1xx_hal_rcc_ex.d" -MT"Drivers/STM32F1xx_HAL_Driver/Src/stm32f1xx_hal_rcc_ex.o" --specs=nano.specs -mfloat-abi=soft -mthumb -o "Drivers/STM32F1xx_HAL_Driver/Src/stm32f1xx_hal_rcc_ex.o"
arm-none-eabi-gcc "../Drivers/STM32F1xx_HAL_Driver/Src/stm32f1xx_hal_tim.c" -mcpu=cortex-m3 -std=gnu11 -g3 -DDEBUG -DUSE_HAL_DRIVER -DSTM32F103xB -c -I../Core/Inc -I../Drivers/STM32F1xx_HAL_Driver/Inc -I../Drivers/STM32F1xx_HAL_Driver/Inc/Legacy -I../Drivers/CMSIS/Device/ST/STM32F1xx/Include -I../Drivers/CMSIS/Include -O0 -ffunction-sections -fdata-sections -Wall -fstack-usage -MMD -MP -MF"Drivers/STM32F1xx_HAL_Driver/Src/stm32f1xx_hal_tim.d" -MT"Drivers/STM32F1xx_HAL_Driver/Src/stm32f1xx_hal_tim.o" --specs=nano.specs -mfloat-abi=soft -mthumb -o "Drivers/STM32F1xx_HAL_Driver/Src/stm32f1xx_hal_tim.o"
arm-none-eabi-gcc "../Drivers/STM32F1xx_HAL_Driver/Src/stm32f1xx_hal_tim_ex.c" -mcpu=cortex-m3 -std=gnu11 -g3 -DDEBUG -DUSE_HAL_DRIVER -DSTM32F103xB -c -I../Core/Inc -I../Drivers/STM32F1xx_HAL_Driver/Inc -I../Drivers/STM32F1xx_HAL_Driver/Inc/Legacy -I../Drivers/CMSIS/Device/ST/STM32F1xx/Include -I../Drivers/CMSIS/Include -O0 -ffunction-sections -fdata-sections -Wall -fstack-usage -MMD -MP -MF"Drivers/STM32F1xx_HAL_Driver/Src/stm32f1xx_hal_tim_ex.d" -MT"Drivers/STM32F1xx_HAL_Driver/Src/stm32f1xx_hal_tim_ex.o" --specs=nano.specs -mfloat-abi=soft -mthumb -o "Drivers/STM32F1xx_HAL_Driver/Src/stm32f1xx_hal_tim_ex.o"
arm-none-eabi-gcc -mcpu=cortex-m3 -g3 -DDEBUG -c -x assembler-with-cpp -MMD -MP -MF"Core/Startup/startup_stm32f103c8tx.d" -MT"Core/Startup/startup_stm32f103c8tx.o" --specs=nano.specs -mfloat-abi=soft -mthumb -o "Core/Startup/startup_stm32f103c8tx.o" "../Core/Startup/startup_stm32f103c8tx.s"
arm-none-eabi-gcc "../Core/Src/main.c" -mcpu=cortex-m3 -std=gnu11 -g3 -DDEBUG -DUSE_HAL_DRIVER -DSTM32F103xB -c -I../Core/Inc -I../Drivers/STM32F1xx_HAL_Driver/Inc -I../Drivers/STM32F1xx_HAL_Driver/Inc/Legacy -I../Drivers/CMSIS/Device/ST/STM32F1xx/Include -I../Drivers/CMSIS/Include -O0 -ffunction-sections -fdata-sections -Wall -fstack-usage -MMD -MP -MF"Core/Src/main.d" -MT"Core/Src/main.o" --specs=nano.specs -mfloat-abi=soft -mthumb -o "Core/Src/main.o"
arm-none-eabi-gcc "../Core/Src/stm32f1xx_hal_msp.c" -mcpu=cortex-m3 -std=gnu11 -g3 -DDEBUG -DUSE_HAL_DRIVER -DSTM32F103xB -c -I../Core/Inc -I../Drivers/STM32F1xx_HAL_Driver/Inc -I../Drivers/STM32F1xx_HAL_Driver/Inc/Legacy -I../Drivers/CMSIS/Device/ST/STM32F1xx/Include -I../Drivers/CMSIS/Include -O0 -ffunction-sections -fdata-sections -Wall -fstack-usage -MMD -MP -MF"Core/Src/stm32f1xx_hal_msp.d" -MT"Core/Src/stm32f1xx_hal_msp.o" --specs=nano.specs -mfloat-abi=soft -mthumb -o "Core/Src/stm32f1xx_hal_msp.o"
arm-none-eabi-gcc "../Core/Src/stm32f1xx_it.c" -mcpu=cortex-m3 -std=gnu11 -g3 -DDEBUG -DUSE_HAL_DRIVER -DSTM32F103xB -c -I../Core/Inc -I../Drivers/STM32F1xx_HAL_Driver/Inc -I../Drivers/STM32F1xx_HAL_Driver/Inc/Legacy -I../Drivers/CMSIS/Device/ST/STM32F1xx/Include -I../Drivers/CMSIS/Include -O0 -ffunction-sections -fdata-sections -Wall -fstack-usage -MMD -MP -MF"Core/Src/stm32f1xx_it.d" -MT"Core/Src/stm32f1xx_it.o" --specs=nano.specs -mfloat-abi=soft -mthumb -o "Core/Src/stm32f1xx_it.o"
arm-none-eabi-gcc "../Core/Src/syscalls.c" -mcpu=cortex-m3 -std=gnu11 -g3 -DDEBUG -DUSE_HAL_DRIVER -DSTM32F103xB -c -I../Core/Inc -I../Drivers/STM32F1xx_HAL_Driver/Inc -I../Drivers/STM32F1xx_HAL_Driver/Inc/Legacy -I../Drivers/CMSIS/Device/ST/STM32F1xx/Include -I../Drivers/CMSIS/Include -O0 -ffunction-sections -fdata-sections -Wall -fstack-usage -MMD -MP -MF"Core/Src/syscalls.d" -MT"Core/Src/syscalls.o" --specs=nano.specs -mfloat-abi=soft -mthumb -o "Core/Src/syscalls.o"
arm-none-eabi-gcc "../Core/Src/sysmem.c" -mcpu=cortex-m3 -std=gnu11 -g3 -DDEBUG -DUSE_HAL_DRIVER -DSTM32F103xB -c -I../Core/Inc -I../Drivers/STM32F1xx_HAL_Driver/Inc -I../Drivers/STM32F1xx_HAL_Driver/Inc/Legacy -I../Drivers/CMSIS/Device/ST/STM32F1xx/Include -I../Drivers/CMSIS/Include -O0 -ffunction-sections -fdata-sections -Wall -fstack-usage -MMD -MP -MF"Core/Src/sysmem.d" -MT"Core/Src/sysmem.o" --specs=nano.specs -mfloat-abi=soft -mthumb -o "Core/Src/sysmem.o"
arm-none-eabi-gcc "../Core/Src/system_stm32f1xx.c" -mcpu=cortex-m3 -std=gnu11 -g3 -DDEBUG -DUSE_HAL_DRIVER -DSTM32F103xB -c -I../Core/Inc -I../Drivers/STM32F1xx_HAL_Driver/Inc -I../Drivers/STM32F1xx_HAL_Driver/Inc/Legacy -I../Drivers/CMSIS/Device/ST/STM32F1xx/Include -I../Drivers/CMSIS/Include -O0 -ffunction-sections -fdata-sections -Wall -fstack-usage -MMD -MP -MF"Core/Src/system_stm32f1xx.d" -MT"Core/Src/system_stm32f1xx.o" --specs=nano.specs -mfloat-abi=soft -mthumb -o "Core/Src/system_stm32f1xx.o"
arm-none-eabi-gcc -o "multimode_trafficlight.elf" @"objects.list"   -mcpu=cortex-m3 -T"C:\Users\bakra\Desktop\STM32 Projects\multimode_trafficlight\STM32F103C8TX_FLASH.ld" --specs=nosys.specs -Wl,-Map="multimode_trafficlight.map" -Wl,--gc-sections -static --specs=nano.specs -mfloat-abi=soft -mthumb -Wl,--start-group -lc -lm -Wl,--end-group
Finished building target: multimode_trafficlight.elf
 
arm-none-eabi-size   multimode_trafficlight.elf 
arm-none-eabi-objdump -h -S  multimode_trafficlight.elf  > "multimode_trafficlight.list"
   text	   data	    bss	    dec	    hex	filename
   7708	     20	   1644	   9372	   249c	multimode_trafficlight.elf
Finished building: default.size.stdout
 
Finished building: multimode_trafficlight.list
 
12:16:25 **** Incremental Build of configuration Debug for project multimode_trafficlight ****
make -j8 all 
arm-none-eabi-gcc "../Core/Src/main.c" -mcpu=cortex-m3 -std=gnu11 -g3 -DDEBUG -DUSE_HAL_DRIVER -DSTM32F103xB -c -I../Core/Inc -I../Drivers/STM32F1xx_HAL_Driver/Inc -I../Drivers/STM32F1xx_HAL_Driver/Inc/Legacy -I../Drivers/CMSIS/Device/ST/STM32F1xx/Include -I../Drivers/CMSIS/Include -O0 -ffunction-sections -fdata-sections -Wall -fstack-usage -MMD -MP -MF"Core/Src/main.d" -MT"Core/Src/main.o" --specs=nano.specs -mfloat-abi=soft -mthumb -o "Core/Src/main.o"
arm-none-eabi-gcc -o "multimode_trafficlight.elf" @"objects.list"   -mcpu=cortex-m3 -T"C:\Users\bakra\Desktop\STM32 Projects\multimode_trafficlight\STM32F103C8TX_FLASH.ld" --specs=nosys.specs -Wl,-Map="multimode_trafficlight.map" -Wl,--gc-sections -static --specs=nano.specs -mfloat-abi=soft -mthumb -Wl,--start-group -lc -lm -Wl,--end-group
Finished building target: multimode_trafficlight.elf
 
arm-none-eabi-size   multimode_trafficlight.elf 
arm-none-eabi-objdump -h -S  multimode_trafficlight.elf  > "multimode_trafficlight.list"
   text	   data	    bss	    dec	    hex	filename
   8548	     24	   1640	  10212	   27e4	multimode_trafficlight.elf
Finished building: default.size.stdout
 
Finished building: multimode_trafficlight.list
 
14:21:27 **** Incremental Build of configuration Debug for project lcd_demo ****
make -j8 all 
arm-none-eabi-size   lcd_demo.elf 
   text	   data	    bss	    dec	    hex	filename
   8752	     36	   1660	  10448	   28d0	lcd_demo.elf
Finished building: default.size.stdout
 
14:37:44 **** Incremental Build of configuration Debug for project lcd_demo ****
make -j8 all 
arm-none-eabi-gcc "../Core/Src/main.c" -mcpu=cortex-m3 -std=gnu11 -g3 -DDEBUG -DUSE_HAL_DRIVER -DSTM32F103xB -c -I../Core/Inc -I../Drivers/STM32F1xx_HAL_Driver/Inc/Legacy -I../Drivers/STM32F1xx_HAL_Driver/Inc -I../Drivers/CMSIS/Device/ST/STM32F1xx/Include -I../Drivers/CMSIS/Include -O0 -ffunction-sections -fdata-sections -Wall -fstack-usage -MMD -MP -MF"Core/Src/main.d" -MT"Core/Src/main.o" --specs=nano.specs -mfloat-abi=soft -mthumb -o "Core/Src/main.o"
arm-none-eabi-gcc "../Core/Src/stm32f1xx_hal_msp.c" -mcpu=cortex-m3 -std=gnu11 -g3 -DDEBUG -DUSE_HAL_DRIVER -DSTM32F103xB -c -I../Core/Inc -I../Drivers/STM32F1xx_HAL_Driver/Inc/Legacy -I../Drivers/STM32F1xx_HAL_Driver/Inc -I../Drivers/CMSIS/Device/ST/STM32F1xx/Include -I../Drivers/CMSIS/Include -O0 -ffunction-sections -fdata-sections -Wall -fstack-usage -MMD -MP -MF"Core/Src/stm32f1xx_hal_msp.d" -MT"Core/Src/stm32f1xx_hal_msp.o" --specs=nano.specs -mfloat-abi=soft -mthumb -o "Core/Src/stm32f1xx_hal_msp.o"
arm-none-eabi-gcc -o "lcd_demo.elf" @"objects.list"   -mcpu=cortex-m3 -T"C:\Users\bakra\Desktop\STM32 Projects\lcd_demo\STM32F103C8TX_FLASH.ld" --specs=nosys.specs -Wl,-Map="lcd_demo.map" -Wl,--gc-sections -static --specs=nano.specs -mfloat-abi=soft -mthumb -Wl,--start-group -lc -lm -Wl,--end-group
Finished building target: lcd_demo.elf
 
arm-none-eabi-size   lcd_demo.elf 
arm-none-eabi-objdump -h -S  lcd_demo.elf  > "lcd_demo.list"
   text	   data	    bss	    dec	    hex	filename
   8608	     36	   1748	  10392	   2898	lcd_demo.elf
Finished building: default.size.stdout
 
Finished building: lcd_demo.list
 
14:37:54 **** Incremental Build of configuration Debug for project lcd_demo ****
make -j8 all 
arm-none-eabi-gcc "../Core/Src/main.c" -mcpu=cortex-m3 -std=gnu11 -g3 -DDEBUG -DUSE_HAL_DRIVER -DSTM32F103xB -c -I../Core/Inc -I../Drivers/STM32F1xx_HAL_Driver/Inc/Legacy -I../Drivers/STM32F1xx_HAL_Driver/Inc -I../Drivers/CMSIS/Device/ST/STM32F1xx/Include -I../Drivers/CMSIS/Include -O0 -ffunction-sections -fdata-sections -Wall -fstack-usage -MMD -MP -MF"Core/Src/main.d" -MT"Core/Src/main.o" --specs=nano.specs -mfloat-abi=soft -mthumb -o "Core/Src/main.o"
arm-none-eabi-gcc -o "lcd_demo.elf" @"objects.list"   -mcpu=cortex-m3 -T"C:\Users\bakra\Desktop\STM32 Projects\lcd_demo\STM32F103C8TX_FLASH.ld" --specs=nosys.specs -Wl,-Map="lcd_demo.map" -Wl,--gc-sections -static --specs=nano.specs -mfloat-abi=soft -mthumb -Wl,--start-group -lc -lm -Wl,--end-group
Finished building target: lcd_demo.elf
 
arm-none-eabi-size   lcd_demo.elf 
arm-none-eabi-objdump -h -S  lcd_demo.elf  > "lcd_demo.list"
   text	   data	    bss	    dec	    hex	filename
   8580	     36	   1748	  10364	   287c	lcd_demo.elf
Finished building: default.size.stdout
 
Finished building: lcd_demo.list
 
14:58:52 **** Incremental Build of configuration Debug for project lcd_demo ****
make -j8 all 
arm-none-eabi-gcc "../Core/Src/main.c" -mcpu=cortex-m3 -std=gnu11 -g3 -DDEBUG -DUSE_HAL_DRIVER -DSTM32F103xB -c -I../Core/Inc -I../Drivers/STM32F1xx_HAL_Driver/Inc/Legacy -I../Drivers/STM32F1xx_HAL_Driver/Inc -I../Drivers/CMSIS/Device/ST/STM32F1xx/Include -I../Drivers/CMSIS/Include -O0 -ffunction-sections -fdata-sections -Wall -fstack-usage -MMD -MP -MF"Core/Src/main.d" -MT"Core/Src/main.o" --specs=nano.specs -mfloat-abi=soft -mthumb -o "Core/Src/main.o"
../Core/Src/main.c: In function 'main':
../Core/Src/main.c:172:8: warning: unused variable 'buf' [-Wunused-variable]
  172 |   char buf[4];
      |        ^~~
arm-none-eabi-gcc -o "lcd_demo.elf" @"objects.list"   -mcpu=cortex-m3 -T"C:\Users\bakra\Desktop\STM32 Projects\lcd_demo\STM32F103C8TX_FLASH.ld" --specs=nosys.specs -Wl,-Map="lcd_demo.map" -Wl,--gc-sections -static --specs=nano.specs -mfloat-abi=soft -mthumb -Wl,--start-group -lc -lm -Wl,--end-group
Finished building target: lcd_demo.elf
 
arm-none-eabi-size   lcd_demo.elf 
arm-none-eabi-objdump -h -S  lcd_demo.elf  > "lcd_demo.list"
   text	   data	    bss	    dec	    hex	filename
  14048	     36	   1780	  15864	   3df8	lcd_demo.elf
Finished building: default.size.stdout
 
Finished building: lcd_demo.list
 
14:59:59 **** Incremental Build of configuration Debug for project lcd_demo ****
make -j8 all 
arm-none-eabi-gcc "../Core/Src/main.c" -mcpu=cortex-m3 -std=gnu11 -g3 -DDEBUG -DUSE_HAL_DRIVER -DSTM32F103xB -c -I../Core/Inc -I../Drivers/STM32F1xx_HAL_Driver/Inc/Legacy -I../Drivers/STM32F1xx_HAL_Driver/Inc -I../Drivers/CMSIS/Device/ST/STM32F1xx/Include -I../Drivers/CMSIS/Include -O0 -ffunction-sections -fdata-sections -Wall -fstack-usage -MMD -MP -MF"Core/Src/main.d" -MT"Core/Src/main.o" --specs=nano.specs -mfloat-abi=soft -mthumb -o "Core/Src/main.o"
../Core/Src/main.c: In function 'main':
../Core/Src/main.c:264:4: warning: implicit declaration of function 'HAL_DELAY' [-Wimplicit-function-declaration]
  264 |    HAL_DELAY(500);
      |    ^~~~~~~~~
../Core/Src/main.c:172:8: warning: unused variable 'buf' [-Wunused-variable]
  172 |   char buf[4];
      |        ^~~
arm-none-eabi-gcc -o "lcd_demo.elf" @"objects.list"   -mcpu=cortex-m3 -T"C:\Users\bakra\Desktop\STM32 Projects\lcd_demo\STM32F103C8TX_FLASH.ld" --specs=nosys.specs -Wl,-Map="lcd_demo.map" -Wl,--gc-sections -static --specs=nano.specs -mfloat-abi=soft -mthumb -Wl,--start-group -lc -lm -Wl,--end-group
c:\st\stm32cubeide_1.11.0\stm32cubeide\plugins\com.st.stm32cube.ide.mcu.externaltools.gnu-tools-for-stm32.10.3-2021.10.win32_1.0.100.202210260954\tools\arm-none-eabi\bin\ld.exe: ./Core/Src/main.o: in function `main':
C:/Users/bakra/Desktop/STM32 Projects/lcd_demo/Debug/../Core/Src/main.c:264: undefined reference to `HAL_DELAY'
collect2.exe: error: ld returned 1 exit status
make: *** [makefile:64: lcd_demo.elf] Error 1
"make -j8 all" terminated with exit code 2. Build might be incomplete.
15:00:23 **** Incremental Build of configuration Debug for project lcd_demo ****
make -j8 all 
arm-none-eabi-gcc "../Core/Src/main.c" -mcpu=cortex-m3 -std=gnu11 -g3 -DDEBUG -DUSE_HAL_DRIVER -DSTM32F103xB -c -I../Core/Inc -I../Drivers/STM32F1xx_HAL_Driver/Inc/Legacy -I../Drivers/STM32F1xx_HAL_Driver/Inc -I../Drivers/CMSIS/Device/ST/STM32F1xx/Include -I../Drivers/CMSIS/Include -O0 -ffunction-sections -fdata-sections -Wall -fstack-usage -MMD -MP -MF"Core/Src/main.d" -MT"Core/Src/main.o" --specs=nano.specs -mfloat-abi=soft -mthumb -o "Core/Src/main.o"
../Core/Src/main.c: In function 'main':
../Core/Src/main.c:172:8: warning: unused variable 'buf' [-Wunused-variable]
  172 |   char buf[4];
      |        ^~~
arm-none-eabi-gcc -o "lcd_demo.elf" @"objects.list"   -mcpu=cortex-m3 -T"C:\Users\bakra\Desktop\STM32 Projects\lcd_demo\STM32F103C8TX_FLASH.ld" --specs=nosys.specs -Wl,-Map="lcd_demo.map" -Wl,--gc-sections -static --specs=nano.specs -mfloat-abi=soft -mthumb -Wl,--start-group -lc -lm -Wl,--end-group
Finished building target: lcd_demo.elf
 
arm-none-eabi-size   lcd_demo.elf 
arm-none-eabi-objdump -h -S  lcd_demo.elf  > "lcd_demo.list"
   text	   data	    bss	    dec	    hex	filename
  14068	     36	   1780	  15884	   3e0c	lcd_demo.elf
Finished building: default.size.stdout
 
Finished building: lcd_demo.list
 
15:03:08 **** Incremental Build of configuration Debug for project lcd_demo ****
make -j8 all 
arm-none-eabi-gcc "../Core/Src/main.c" -mcpu=cortex-m3 -std=gnu11 -g3 -DDEBUG -DUSE_HAL_DRIVER -DSTM32F103xB -c -I../Core/Inc -I../Drivers/STM32F1xx_HAL_Driver/Inc/Legacy -I../Drivers/STM32F1xx_HAL_Driver/Inc -I../Drivers/CMSIS/Device/ST/STM32F1xx/Include -I../Drivers/CMSIS/Include -O0 -ffunction-sections -fdata-sections -Wall -fstack-usage -MMD -MP -MF"Core/Src/main.d" -MT"Core/Src/main.o" --specs=nano.specs -mfloat-abi=soft -mthumb -o "Core/Src/main.o"
../Core/Src/main.c: In function 'main':
../Core/Src/main.c:265:4: error: too many arguments to function 'HD44780_PrintStr'
  265 |    HD44780_PrintStr("HELLO = %.2f", Ax);
      |    ^~~~~~~~~~~~~~~~
In file included from ../Core/Src/main.c:24:
../Core/Inc/liquidcrystal_i2c.h:87:6: note: declared here
   87 | void HD44780_PrintStr(const char[]);
      |      ^~~~~~~~~~~~~~~~
../Core/Src/main.c:172:8: warning: unused variable 'buf' [-Wunused-variable]
  172 |   char buf[4];
      |        ^~~
make: *** [Core/Src/subdir.mk:37: Core/Src/main.o] Error 1
"make -j8 all" terminated with exit code 2. Build might be incomplete.
15:08:09 **** Incremental Build of configuration Debug for project lcd_demo ****
make -j8 all 
arm-none-eabi-gcc "../Core/Src/main.c" -mcpu=cortex-m3 -std=gnu11 -g3 -DDEBUG -DUSE_HAL_DRIVER -DSTM32F103xB -c -I../Core/Inc -I../Drivers/STM32F1xx_HAL_Driver/Inc/Legacy -I../Drivers/STM32F1xx_HAL_Driver/Inc -I../Drivers/CMSIS/Device/ST/STM32F1xx/Include -I../Drivers/CMSIS/Include -O0 -ffunction-sections -fdata-sections -Wall -fstack-usage -MMD -MP -MF"Core/Src/main.d" -MT"Core/Src/main.o" --specs=nano.specs -mfloat-abi=soft -mthumb -o "Core/Src/main.o"
../Core/Src/main.c: In function 'main':
../Core/Src/main.c:266:4: warning: implicit declaration of function 'itoa' [-Wimplicit-function-declaration]
  266 |    itoa(Ax, snum, 10);
      |    ^~~~
../Core/Src/main.c:172:8: warning: unused variable 'buf' [-Wunused-variable]
  172 |   char buf[4];
      |        ^~~
arm-none-eabi-gcc -o "lcd_demo.elf" @"objects.list"   -mcpu=cortex-m3 -T"C:\Users\bakra\Desktop\STM32 Projects\lcd_demo\STM32F103C8TX_FLASH.ld" --specs=nosys.specs -Wl,-Map="lcd_demo.map" -Wl,--gc-sections -static --specs=nano.specs -mfloat-abi=soft -mthumb -Wl,--start-group -lc -lm -Wl,--end-group
Finished building target: lcd_demo.elf
 
arm-none-eabi-size   lcd_demo.elf 
arm-none-eabi-objdump -h -S  lcd_demo.elf  > "lcd_demo.list"
   text	   data	    bss	    dec	    hex	filename
  14316	     36	   1780	  16132	   3f04	lcd_demo.elf
Finished building: default.size.stdout
 
Finished building: lcd_demo.list
 
15:08:25 **** Incremental Build of configuration Debug for project lcd_demo ****
make -j8 all 
arm-none-eabi-size   lcd_demo.elf 
   text	   data	    bss	    dec	    hex	filename
  14316	     36	   1780	  16132	   3f04	lcd_demo.elf
Finished building: default.size.stdout
 
15:13:51 **** Incremental Build of configuration Debug for project lcd_demo ****
make -j8 all 
arm-none-eabi-gcc "../Core/Src/main.c" -mcpu=cortex-m3 -std=gnu11 -g3 -DDEBUG -DUSE_HAL_DRIVER -DSTM32F103xB -c -I../Core/Inc -I../Drivers/STM32F1xx_HAL_Driver/Inc/Legacy -I../Drivers/STM32F1xx_HAL_Driver/Inc -I../Drivers/CMSIS/Device/ST/STM32F1xx/Include -I../Drivers/CMSIS/Include -O0 -ffunction-sections -fdata-sections -Wall -fstack-usage -MMD -MP -MF"Core/Src/main.d" -MT"Core/Src/main.o" --specs=nano.specs -mfloat-abi=soft -mthumb -o "Core/Src/main.o"
../Core/Src/main.c: In function 'main':
../Core/Src/main.c:268:4: warning: implicit declaration of function 'itoa' [-Wimplicit-function-declaration]
  268 |    itoa("1", snum, 10);
      |    ^~~~
../Core/Src/main.c:172:8: warning: unused variable 'buf' [-Wunused-variable]
  172 |   char buf[4];
      |        ^~~
arm-none-eabi-gcc -o "lcd_demo.elf" @"objects.list"   -mcpu=cortex-m3 -T"C:\Users\bakra\Desktop\STM32 Projects\lcd_demo\STM32F103C8TX_FLASH.ld" --specs=nosys.specs -Wl,-Map="lcd_demo.map" -Wl,--gc-sections -static --specs=nano.specs -mfloat-abi=soft -mthumb -Wl,--start-group -lc -lm -Wl,--end-group
Finished building target: lcd_demo.elf
 
arm-none-eabi-size   lcd_demo.elf 
arm-none-eabi-objdump -h -S  lcd_demo.elf  > "lcd_demo.list"
   text	   data	    bss	    dec	    hex	filename
  13844	     36	   1780	  15660	   3d2c	lcd_demo.elf
Finished building: default.size.stdout
 
Finished building: lcd_demo.list
 
15:15:36 **** Incremental Build of configuration Debug for project lcd_demo ****
make -j8 all 
arm-none-eabi-gcc "../Core/Src/main.c" -mcpu=cortex-m3 -std=gnu11 -g3 -DDEBUG -DUSE_HAL_DRIVER -DSTM32F103xB -c -I../Core/Inc -I../Drivers/STM32F1xx_HAL_Driver/Inc/Legacy -I../Drivers/STM32F1xx_HAL_Driver/Inc -I../Drivers/CMSIS/Device/ST/STM32F1xx/Include -I../Drivers/CMSIS/Include -O0 -ffunction-sections -fdata-sections -Wall -fstack-usage -MMD -MP -MF"Core/Src/main.d" -MT"Core/Src/main.o" --specs=nano.specs -mfloat-abi=soft -mthumb -o "Core/Src/main.o"
../Core/Src/main.c: In function 'main':
../Core/Src/main.c:268:4: warning: implicit declaration of function 'itoa' [-Wimplicit-function-declaration]
  268 |    itoa(Gx, snum, 10);
      |    ^~~~
../Core/Src/main.c:172:8: warning: unused variable 'buf' [-Wunused-variable]
  172 |   char buf[4];
      |        ^~~
arm-none-eabi-gcc -o "lcd_demo.elf" @"objects.list"   -mcpu=cortex-m3 -T"C:\Users\bakra\Desktop\STM32 Projects\lcd_demo\STM32F103C8TX_FLASH.ld" --specs=nosys.specs -Wl,-Map="lcd_demo.map" -Wl,--gc-sections -static --specs=nano.specs -mfloat-abi=soft -mthumb -Wl,--start-group -lc -lm -Wl,--end-group
Finished building target: lcd_demo.elf
 
arm-none-eabi-size   lcd_demo.elf 
arm-none-eabi-objdump -h -S  lcd_demo.elf  > "lcd_demo.list"
   text	   data	    bss	    dec	    hex	filename
  13844	     36	   1780	  15660	   3d2c	lcd_demo.elf
Finished building: default.size.stdout
 
Finished building: lcd_demo.list
 
15:19:42 **** Incremental Build of configuration Debug for project lcd_demo ****
make -j8 all 
arm-none-eabi-gcc "../Core/Src/main.c" -mcpu=cortex-m3 -std=gnu11 -g3 -DDEBUG -DUSE_HAL_DRIVER -DSTM32F103xB -c -I../Core/Inc -I../Drivers/STM32F1xx_HAL_Driver/Inc/Legacy -I../Drivers/STM32F1xx_HAL_Driver/Inc -I../Drivers/CMSIS/Device/ST/STM32F1xx/Include -I../Drivers/CMSIS/Include -O0 -ffunction-sections -fdata-sections -Wall -fstack-usage -MMD -MP -MF"Core/Src/main.d" -MT"Core/Src/main.o" --specs=nano.specs -mfloat-abi=soft -mthumb -o "Core/Src/main.o"
../Core/Src/main.c: In function 'main':
../Core/Src/main.c:268:21: error: incompatible type for argument 1 of 'HD44780_PrintStr'
  268 |    HD44780_PrintStr(Ax);
      |                     ^~
      |                     |
      |                     float
In file included from ../Core/Src/main.c:24:
../Core/Inc/liquidcrystal_i2c.h:87:23: note: expected 'const char *' but argument is of type 'float'
   87 | void HD44780_PrintStr(const char[]);
      |                       ^~~~~~~~~~~~
../Core/Src/main.c:254:8: warning: unused variable 'snum' [-Wunused-variable]
  254 |   char snum[5];
      |        ^~~~
../Core/Src/main.c:172:8: warning: unused variable 'buf' [-Wunused-variable]
  172 |   char buf[4];
      |        ^~~
make: *** [Core/Src/subdir.mk:37: Core/Src/main.o] Error 1
"make -j8 all" terminated with exit code 2. Build might be incomplete.
15:20:18 **** Incremental Build of configuration Debug for project lcd_demo ****
make -j8 all 
arm-none-eabi-gcc "../Core/Src/main.c" -mcpu=cortex-m3 -std=gnu11 -g3 -DDEBUG -DUSE_HAL_DRIVER -DSTM32F103xB -c -I../Core/Inc -I../Drivers/STM32F1xx_HAL_Driver/Inc/Legacy -I../Drivers/STM32F1xx_HAL_Driver/Inc -I../Drivers/CMSIS/Device/ST/STM32F1xx/Include -I../Drivers/CMSIS/Include -O0 -ffunction-sections -fdata-sections -Wall -fstack-usage -MMD -MP -MF"Core/Src/main.d" -MT"Core/Src/main.o" --specs=nano.specs -mfloat-abi=soft -mthumb -o "Core/Src/main.o"
../Core/Src/main.c: In function 'main':
../Core/Src/main.c:267:4: warning: implicit declaration of function 'itoa' [-Wimplicit-function-declaration]
  267 |    itoa(Gx, snum, 10);
      |    ^~~~
../Core/Src/main.c:172:8: warning: unused variable 'buf' [-Wunused-variable]
  172 |   char buf[4];
      |        ^~~
arm-none-eabi-gcc -o "lcd_demo.elf" @"objects.list"   -mcpu=cortex-m3 -T"C:\Users\bakra\Desktop\STM32 Projects\lcd_demo\STM32F103C8TX_FLASH.ld" --specs=nosys.specs -Wl,-Map="lcd_demo.map" -Wl,--gc-sections -static --specs=nano.specs -mfloat-abi=soft -mthumb -Wl,--start-group -lc -lm -Wl,--end-group
Finished building target: lcd_demo.elf
 
arm-none-eabi-size   lcd_demo.elf 
arm-none-eabi-objdump -h -S  lcd_demo.elf  > "lcd_demo.list"
   text	   data	    bss	    dec	    hex	filename
  13844	     36	   1780	  15660	   3d2c	lcd_demo.elf
Finished building: default.size.stdout
 
Finished building: lcd_demo.list
 
15:21:47 **** Incremental Build of configuration Debug for project lcd_demo ****
make -j8 all 
arm-none-eabi-gcc "../Core/Src/main.c" -mcpu=cortex-m3 -std=gnu11 -g3 -DDEBUG -DUSE_HAL_DRIVER -DSTM32F103xB -c -I../Core/Inc -I../Drivers/STM32F1xx_HAL_Driver/Inc/Legacy -I../Drivers/STM32F1xx_HAL_Driver/Inc -I../Drivers/CMSIS/Device/ST/STM32F1xx/Include -I../Drivers/CMSIS/Include -O0 -ffunction-sections -fdata-sections -Wall -fstack-usage -MMD -MP -MF"Core/Src/main.d" -MT"Core/Src/main.o" --specs=nano.specs -mfloat-abi=soft -mthumb -o "Core/Src/main.o"
../Core/Src/main.c: In function 'itoa':
../Core/Src/main.c:105:2: warning: implicit declaration of function 'strrev' [-Wimplicit-function-declaration]
  105 |  strrev(str);
      |  ^~~~~~
../Core/Src/main.c: In function 'main':
../Core/Src/main.c:290:13: warning: pointer targets in passing argument 2 of 'itoa' differ in signedness [-Wpointer-sign]
  290 |    itoa(Gx, snum, 10);
      |             ^~~~
      |             |
      |             char *
../Core/Src/main.c:86:34: note: expected 'unsigned char *' but argument is of type 'char *'
   86 | int itoa(int num, unsigned char* str, int len, int base)
      |                   ~~~~~~~~~~~~~~~^~~
../Core/Src/main.c:290:4: error: too few arguments to function 'itoa'
  290 |    itoa(Gx, snum, 10);
      |    ^~~~
../Core/Src/main.c:86:5: note: declared here
   86 | int itoa(int num, unsigned char* str, int len, int base)
      |     ^~~~
../Core/Src/main.c:195:8: warning: unused variable 'buf' [-Wunused-variable]
  195 |   char buf[4];
      |        ^~~
make: *** [Core/Src/subdir.mk:37: Core/Src/main.o] Error 1
"make -j8 all" terminated with exit code 2. Build might be incomplete.
15:23:37 **** Incremental Build of configuration Debug for project lcd_demo ****
make -j8 all 
arm-none-eabi-gcc "../Core/Src/main.c" -mcpu=cortex-m3 -std=gnu11 -g3 -DDEBUG -DUSE_HAL_DRIVER -DSTM32F103xB -c -I../Core/Inc -I../Drivers/STM32F1xx_HAL_Driver/Inc/Legacy -I../Drivers/STM32F1xx_HAL_Driver/Inc -I../Drivers/CMSIS/Device/ST/STM32F1xx/Include -I../Drivers/CMSIS/Include -O0 -ffunction-sections -fdata-sections -Wall -fstack-usage -MMD -MP -MF"Core/Src/main.d" -MT"Core/Src/main.o" --specs=nano.specs -mfloat-abi=soft -mthumb -o "Core/Src/main.o"
../Core/Src/main.c: In function 'main':
../Core/Src/main.c:268:4: warning: implicit declaration of function 'gcvt' [-Wimplicit-function-declaration]
  268 |    gcvt (Gx, 5, snum);
      |    ^~~~
../Core/Src/main.c:173:8: warning: unused variable 'buf' [-Wunused-variable]
  173 |   char buf[4];
      |        ^~~
arm-none-eabi-gcc -o "lcd_demo.elf" @"objects.list"   -mcpu=cortex-m3 -T"C:\Users\bakra\Desktop\STM32 Projects\lcd_demo\STM32F103C8TX_FLASH.ld" --specs=nosys.specs -Wl,-Map="lcd_demo.map" -Wl,--gc-sections -static --specs=nano.specs -mfloat-abi=soft -mthumb -Wl,--start-group -lc -lm -Wl,--end-group
Finished building target: lcd_demo.elf
 
arm-none-eabi-size   lcd_demo.elf 
arm-none-eabi-objdump -h -S  lcd_demo.elf  > "lcd_demo.list"
   text	   data	    bss	    dec	    hex	filename
  25120	    136	   1800	  27056	   69b0	lcd_demo.elf
Finished building: default.size.stdout
 
Finished building: lcd_demo.list
 
15:29:29 **** Incremental Build of configuration Debug for project lcd_demo ****
make -j8 all 
arm-none-eabi-gcc "../Core/Src/main.c" -mcpu=cortex-m3 -std=gnu11 -g3 -DDEBUG -DUSE_HAL_DRIVER -DSTM32F103xB -c -I../Core/Inc -I../Drivers/STM32F1xx_HAL_Driver/Inc/Legacy -I../Drivers/STM32F1xx_HAL_Driver/Inc -I../Drivers/CMSIS/Device/ST/STM32F1xx/Include -I../Drivers/CMSIS/Include -O0 -ffunction-sections -fdata-sections -Wall -fstack-usage -MMD -MP -MF"Core/Src/main.d" -MT"Core/Src/main.o" --specs=nano.specs -mfloat-abi=soft -mthumb -o "Core/Src/main.o"
../Core/Src/main.c: In function 'main':
../Core/Src/main.c:270:4: warning: implicit declaration of function 'sprintf' [-Wimplicit-function-declaration]
  270 |    sprintf (buf, "%.2f", Ax);
      |    ^~~~~~~
../Core/Src/main.c:270:4: warning: incompatible implicit declaration of built-in function 'sprintf'
../Core/Src/main.c:26:1: note: include '<stdio.h>' or provide a declaration of 'sprintf'
   25 | #include "liquidcrystal_i2c.h"
  +++ |+#include <stdio.h>
   26 | 
../Core/Src/main.c:270:23: warning: 'sprintf' may write a terminating nul past the end of the destination [-Wformat-overflow=]
  270 |    sprintf (buf, "%.2f", Ax);
      |                       ^
../Core/Src/main.c:270:4: note: 'sprintf' output between 4 and 314 bytes into a destination of size 4
  270 |    sprintf (buf, "%.2f", Ax);
      |    ^~~~~~~~~~~~~~~~~~~~~~~~~
arm-none-eabi-gcc -o "lcd_demo.elf" @"objects.list"   -mcpu=cortex-m3 -T"C:\Users\bakra\Desktop\STM32 Projects\lcd_demo\STM32F103C8TX_FLASH.ld" --specs=nosys.specs -Wl,-Map="lcd_demo.map" -Wl,--gc-sections -static --specs=nano.specs -mfloat-abi=soft -mthumb -u _printf_float -Wl,--start-group -lc -lm -Wl,--end-group
Finished building target: lcd_demo.elf
 
arm-none-eabi-size   lcd_demo.elf 
arm-none-eabi-objdump -h -S  lcd_demo.elf  > "lcd_demo.list"
   text	   data	    bss	    dec	    hex	filename
  27128	    500	   1804	  29432	   72f8	lcd_demo.elf
Finished building: default.size.stdout
 
Finished building: lcd_demo.list
 
15:29:42 **** Incremental Build of configuration Debug for project lcd_demo ****
make -j8 all 
arm-none-eabi-gcc "../Core/Src/main.c" -mcpu=cortex-m3 -std=gnu11 -g3 -DDEBUG -DUSE_HAL_DRIVER -DSTM32F103xB -c -I../Core/Inc -I../Drivers/STM32F1xx_HAL_Driver/Inc/Legacy -I../Drivers/STM32F1xx_HAL_Driver/Inc -I../Drivers/CMSIS/Device/ST/STM32F1xx/Include -I../Drivers/CMSIS/Include -O0 -ffunction-sections -fdata-sections -Wall -fstack-usage -MMD -MP -MF"Core/Src/main.d" -MT"Core/Src/main.o" --specs=nano.specs -mfloat-abi=soft -mthumb -o "Core/Src/main.o"
../Core/Src/main.c: In function 'main':
../Core/Src/main.c:270:4: warning: implicit declaration of function 'sprintf' [-Wimplicit-function-declaration]
  270 |    sprintf (snum, "%.2f", Ax);
      |    ^~~~~~~
../Core/Src/main.c:270:4: warning: incompatible implicit declaration of built-in function 'sprintf'
../Core/Src/main.c:26:1: note: include '<stdio.h>' or provide a declaration of 'sprintf'
   25 | #include "liquidcrystal_i2c.h"
  +++ |+#include <stdio.h>
   26 | 
../Core/Src/main.c:173:8: warning: unused variable 'buf' [-Wunused-variable]
  173 |   char buf[4];
      |        ^~~
arm-none-eabi-gcc -o "lcd_demo.elf" @"objects.list"   -mcpu=cortex-m3 -T"C:\Users\bakra\Desktop\STM32 Projects\lcd_demo\STM32F103C8TX_FLASH.ld" --specs=nosys.specs -Wl,-Map="lcd_demo.map" -Wl,--gc-sections -static --specs=nano.specs -mfloat-abi=soft -mthumb -u _printf_float -Wl,--start-group -lc -lm -Wl,--end-group
Finished building target: lcd_demo.elf
 
arm-none-eabi-size   lcd_demo.elf 
arm-none-eabi-objdump -h -S  lcd_demo.elf  > "lcd_demo.list"
   text	   data	    bss	    dec	    hex	filename
  27128	    500	   1804	  29432	   72f8	lcd_demo.elf
Finished building: default.size.stdout
 
Finished building: lcd_demo.list
 
15:30:08 **** Incremental Build of configuration Debug for project lcd_demo ****
make -j8 all 
arm-none-eabi-gcc "../Core/Src/main.c" -mcpu=cortex-m3 -std=gnu11 -g3 -DDEBUG -DUSE_HAL_DRIVER -DSTM32F103xB -c -I../Core/Inc -I../Drivers/STM32F1xx_HAL_Driver/Inc/Legacy -I../Drivers/STM32F1xx_HAL_Driver/Inc -I../Drivers/CMSIS/Device/ST/STM32F1xx/Include -I../Drivers/CMSIS/Include -O0 -ffunction-sections -fdata-sections -Wall -fstack-usage -MMD -MP -MF"Core/Src/main.d" -MT"Core/Src/main.o" --specs=nano.specs -mfloat-abi=soft -mthumb -o "Core/Src/main.o"
../Core/Src/main.c: In function 'main':
../Core/Src/main.c:173:8: warning: unused variable 'buf' [-Wunused-variable]
  173 |   char buf[4];
      |        ^~~
arm-none-eabi-gcc -o "lcd_demo.elf" @"objects.list"   -mcpu=cortex-m3 -T"C:\Users\bakra\Desktop\STM32 Projects\lcd_demo\STM32F103C8TX_FLASH.ld" --specs=nosys.specs -Wl,-Map="lcd_demo.map" -Wl,--gc-sections -static --specs=nano.specs -mfloat-abi=soft -mthumb -u _printf_float -Wl,--start-group -lc -lm -Wl,--end-group
Finished building target: lcd_demo.elf
 
arm-none-eabi-size   lcd_demo.elf 
arm-none-eabi-objdump -h -S  lcd_demo.elf  > "lcd_demo.list"
   text	   data	    bss	    dec	    hex	filename
  27128	    500	   1804	  29432	   72f8	lcd_demo.elf
Finished building: default.size.stdout
 
Finished building: lcd_demo.list
 
15:32:55 **** Incremental Build of configuration Debug for project lcd_demo ****
make -j8 all 
arm-none-eabi-gcc "../Core/Src/main.c" -mcpu=cortex-m3 -std=gnu11 -g3 -DDEBUG -DUSE_HAL_DRIVER -DSTM32F103xB -c -I../Core/Inc -I../Drivers/STM32F1xx_HAL_Driver/Inc/Legacy -I../Drivers/STM32F1xx_HAL_Driver/Inc -I../Drivers/CMSIS/Device/ST/STM32F1xx/Include -I../Drivers/CMSIS/Include -O0 -ffunction-sections -fdata-sections -Wall -fstack-usage -MMD -MP -MF"Core/Src/main.d" -MT"Core/Src/main.o" --specs=nano.specs -mfloat-abi=soft -mthumb -o "Core/Src/main.o"
../Core/Src/main.c: In function 'main':
../Core/Src/main.c:173:8: warning: unused variable 'buf' [-Wunused-variable]
  173 |   char buf[4];
      |        ^~~
../Core/Src/main.c:270:25: warning: '%.2f' directive writing between 3 and 313 bytes into a region of size 0 [-Wformat-overflow=]
  270 |    sprintf (snum, "Ax = %.2f", Ax);
      |                         ^~~~
../Core/Src/main.c:270:19: note: assuming directive output of 4 bytes
  270 |    sprintf (snum, "Ax = %.2f", Ax);
      |                   ^~~~~~~~~~~
../Core/Src/main.c:270:4: note: 'sprintf' output between 9 and 319 bytes into a destination of size 5
  270 |    sprintf (snum, "Ax = %.2f", Ax);
      |    ^~~~~~~~~~~~~~~~~~~~~~~~~~~~~~~
arm-none-eabi-gcc -o "lcd_demo.elf" @"objects.list"   -mcpu=cortex-m3 -T"C:\Users\bakra\Desktop\STM32 Projects\lcd_demo\STM32F103C8TX_FLASH.ld" --specs=nosys.specs -Wl,-Map="lcd_demo.map" -Wl,--gc-sections -static --specs=nano.specs -mfloat-abi=soft -mthumb -u _printf_float -Wl,--start-group -lc -lm -Wl,--end-group
Finished building target: lcd_demo.elf
 
arm-none-eabi-size   lcd_demo.elf 
arm-none-eabi-objdump -h -S  lcd_demo.elf  > "lcd_demo.list"
   text	   data	    bss	    dec	    hex	filename
  27128	    500	   1804	  29432	   72f8	lcd_demo.elf
Finished building: default.size.stdout
 
Finished building: lcd_demo.list
 
15:33:12 **** Incremental Build of configuration Debug for project lcd_demo ****
make -j8 all 
arm-none-eabi-gcc "../Core/Src/main.c" -mcpu=cortex-m3 -std=gnu11 -g3 -DDEBUG -DUSE_HAL_DRIVER -DSTM32F103xB -c -I../Core/Inc -I../Drivers/STM32F1xx_HAL_Driver/Inc/Legacy -I../Drivers/STM32F1xx_HAL_Driver/Inc -I../Drivers/CMSIS/Device/ST/STM32F1xx/Include -I../Drivers/CMSIS/Include -O0 -ffunction-sections -fdata-sections -Wall -fstack-usage -MMD -MP -MF"Core/Src/main.d" -MT"Core/Src/main.o" --specs=nano.specs -mfloat-abi=soft -mthumb -o "Core/Src/main.o"
../Core/Src/main.c: In function 'main':
../Core/Src/main.c:173:8: warning: unused variable 'buf' [-Wunused-variable]
  173 |   char buf[4];
      |        ^~~
arm-none-eabi-gcc -o "lcd_demo.elf" @"objects.list"   -mcpu=cortex-m3 -T"C:\Users\bakra\Desktop\STM32 Projects\lcd_demo\STM32F103C8TX_FLASH.ld" --specs=nosys.specs -Wl,-Map="lcd_demo.map" -Wl,--gc-sections -static --specs=nano.specs -mfloat-abi=soft -mthumb -u _printf_float -Wl,--start-group -lc -lm -Wl,--end-group
Finished building target: lcd_demo.elf
 
arm-none-eabi-size   lcd_demo.elf 
arm-none-eabi-objdump -h -S  lcd_demo.elf  > "lcd_demo.list"
   text	   data	    bss	    dec	    hex	filename
  27128	    500	   1804	  29432	   72f8	lcd_demo.elf
Finished building: default.size.stdout
 
Finished building: lcd_demo.list
 
15:33:45 **** Incremental Build of configuration Debug for project lcd_demo ****
make -j8 all 
arm-none-eabi-gcc "../Core/Src/main.c" -mcpu=cortex-m3 -std=gnu11 -g3 -DDEBUG -DUSE_HAL_DRIVER -DSTM32F103xB -c -I../Core/Inc -I../Drivers/STM32F1xx_HAL_Driver/Inc/Legacy -I../Drivers/STM32F1xx_HAL_Driver/Inc -I../Drivers/CMSIS/Device/ST/STM32F1xx/Include -I../Drivers/CMSIS/Include -O0 -ffunction-sections -fdata-sections -Wall -fstack-usage -MMD -MP -MF"Core/Src/main.d" -MT"Core/Src/main.o" --specs=nano.specs -mfloat-abi=soft -mthumb -o "Core/Src/main.o"
../Core/Src/main.c: In function 'main':
../Core/Src/main.c:173:8: warning: unused variable 'buf' [-Wunused-variable]
  173 |   char buf[4];
      |        ^~~
arm-none-eabi-gcc -o "lcd_demo.elf" @"objects.list"   -mcpu=cortex-m3 -T"C:\Users\bakra\Desktop\STM32 Projects\lcd_demo\STM32F103C8TX_FLASH.ld" --specs=nosys.specs -Wl,-Map="lcd_demo.map" -Wl,--gc-sections -static --specs=nano.specs -mfloat-abi=soft -mthumb -u _printf_float -Wl,--start-group -lc -lm -Wl,--end-group
Finished building target: lcd_demo.elf
 
arm-none-eabi-size   lcd_demo.elf 
arm-none-eabi-objdump -h -S  lcd_demo.elf  > "lcd_demo.list"
   text	   data	    bss	    dec	    hex	filename
  27128	    500	   1804	  29432	   72f8	lcd_demo.elf
Finished building: default.size.stdout
 
Finished building: lcd_demo.list
 
15:35:49 **** Incremental Build of configuration Debug for project lcd_demo ****
make -j8 all 
arm-none-eabi-gcc "../Core/Src/main.c" -mcpu=cortex-m3 -std=gnu11 -g3 -DDEBUG -DUSE_HAL_DRIVER -DSTM32F103xB -c -I../Core/Inc -I../Drivers/STM32F1xx_HAL_Driver/Inc/Legacy -I../Drivers/STM32F1xx_HAL_Driver/Inc -I../Drivers/CMSIS/Device/ST/STM32F1xx/Include -I../Drivers/CMSIS/Include -O0 -ffunction-sections -fdata-sections -Wall -fstack-usage -MMD -MP -MF"Core/Src/main.d" -MT"Core/Src/main.o" --specs=nano.specs -mfloat-abi=soft -mthumb -o "Core/Src/main.o"
../Core/Src/main.c: In function 'main':
../Core/Src/main.c:173:8: warning: unused variable 'buf' [-Wunused-variable]
  173 |   char buf[4];
      |        ^~~
../Core/Src/main.c:271:19: warning: '%f' directive writing between 3 and 317 bytes into a region of size 5 [-Wformat-overflow=]
  271 |    sprintf(snum, "%f", Gx);
      |                   ^~
../Core/Src/main.c:271:18: note: assuming directive output of 8 bytes
  271 |    sprintf(snum, "%f", Gx);
      |                  ^~~~
../Core/Src/main.c:271:4: note: 'sprintf' output between 4 and 318 bytes into a destination of size 5
  271 |    sprintf(snum, "%f", Gx);
      |    ^~~~~~~~~~~~~~~~~~~~~~~
arm-none-eabi-gcc -o "lcd_demo.elf" @"objects.list"   -mcpu=cortex-m3 -T"C:\Users\bakra\Desktop\STM32 Projects\lcd_demo\STM32F103C8TX_FLASH.ld" --specs=nosys.specs -Wl,-Map="lcd_demo.map" -Wl,--gc-sections -static --specs=nano.specs -mfloat-abi=soft -mthumb -u _printf_float -Wl,--start-group -lc -lm -Wl,--end-group
Finished building target: lcd_demo.elf
 
arm-none-eabi-size   lcd_demo.elf 
arm-none-eabi-objdump -h -S  lcd_demo.elf  > "lcd_demo.list"
   text	   data	    bss	    dec	    hex	filename
  27120	    500	   1804	  29424	   72f0	lcd_demo.elf
Finished building: default.size.stdout
 
Finished building: lcd_demo.list
 
15:36:25 **** Incremental Build of configuration Debug for project lcd_demo ****
make -j8 all 
arm-none-eabi-gcc "../Core/Src/main.c" -mcpu=cortex-m3 -std=gnu11 -g3 -DDEBUG -DUSE_HAL_DRIVER -DSTM32F103xB -c -I../Core/Inc -I../Drivers/STM32F1xx_HAL_Driver/Inc/Legacy -I../Drivers/STM32F1xx_HAL_Driver/Inc -I../Drivers/CMSIS/Device/ST/STM32F1xx/Include -I../Drivers/CMSIS/Include -O0 -ffunction-sections -fdata-sections -Wall -fstack-usage -MMD -MP -MF"Core/Src/main.d" -MT"Core/Src/main.o" --specs=nano.specs -mfloat-abi=soft -mthumb -o "Core/Src/main.o"
../Core/Src/main.c: In function 'main':
../Core/Src/main.c:173:8: warning: unused variable 'buf' [-Wunused-variable]
  173 |   char buf[4];
      |        ^~~
arm-none-eabi-gcc -o "lcd_demo.elf" @"objects.list"   -mcpu=cortex-m3 -T"C:\Users\bakra\Desktop\STM32 Projects\lcd_demo\STM32F103C8TX_FLASH.ld" --specs=nosys.specs -Wl,-Map="lcd_demo.map" -Wl,--gc-sections -static --specs=nano.specs -mfloat-abi=soft -mthumb -u _printf_float -Wl,--start-group -lc -lm -Wl,--end-group
Finished building target: lcd_demo.elf
 
arm-none-eabi-size   lcd_demo.elf 
arm-none-eabi-objdump -h -S  lcd_demo.elf  > "lcd_demo.list"
   text	   data	    bss	    dec	    hex	filename
  27120	    500	   1804	  29424	   72f0	lcd_demo.elf
Finished building: default.size.stdout
 
Finished building: lcd_demo.list
 
15:37:45 **** Incremental Build of configuration Debug for project lcd_demo ****
make -j8 all 
arm-none-eabi-gcc "../Core/Src/main.c" -mcpu=cortex-m3 -std=gnu11 -g3 -DDEBUG -DUSE_HAL_DRIVER -DSTM32F103xB -c -I../Core/Inc -I../Drivers/STM32F1xx_HAL_Driver/Inc/Legacy -I../Drivers/STM32F1xx_HAL_Driver/Inc -I../Drivers/CMSIS/Device/ST/STM32F1xx/Include -I../Drivers/CMSIS/Include -O0 -ffunction-sections -fdata-sections -Wall -fstack-usage -MMD -MP -MF"Core/Src/main.d" -MT"Core/Src/main.o" --specs=nano.specs -mfloat-abi=soft -mthumb -o "Core/Src/main.o"
../Core/Src/main.c: In function 'main':
../Core/Src/main.c:173:8: warning: unused variable 'buf' [-Wunused-variable]
  173 |   char buf[4];
      |        ^~~
arm-none-eabi-gcc -o "lcd_demo.elf" @"objects.list"   -mcpu=cortex-m3 -T"C:\Users\bakra\Desktop\STM32 Projects\lcd_demo\STM32F103C8TX_FLASH.ld" --specs=nosys.specs -Wl,-Map="lcd_demo.map" -Wl,--gc-sections -static --specs=nano.specs -mfloat-abi=soft -mthumb -u _printf_float -Wl,--start-group -lc -lm -Wl,--end-group
Finished building target: lcd_demo.elf
 
arm-none-eabi-size   lcd_demo.elf 
arm-none-eabi-objdump -h -S  lcd_demo.elf  > "lcd_demo.list"
   text	   data	    bss	    dec	    hex	filename
  27120	    500	   1804	  29424	   72f0	lcd_demo.elf
Finished building: default.size.stdout
 
Finished building: lcd_demo.list
 
15:41:19 **** Incremental Build of configuration Debug for project lcd_demo ****
make -j8 all 
arm-none-eabi-gcc "../Core/Src/main.c" -mcpu=cortex-m3 -std=gnu11 -g3 -DDEBUG -DUSE_HAL_DRIVER -DSTM32F103xB -c -I../Core/Inc -I../Drivers/STM32F1xx_HAL_Driver/Inc/Legacy -I../Drivers/STM32F1xx_HAL_Driver/Inc -I../Drivers/CMSIS/Device/ST/STM32F1xx/Include -I../Drivers/CMSIS/Include -O0 -ffunction-sections -fdata-sections -Wall -fstack-usage -MMD -MP -MF"Core/Src/main.d" -MT"Core/Src/main.o" --specs=nano.specs -mfloat-abi=soft -mthumb -o "Core/Src/main.o"
../Core/Src/main.c: In function 'main':
../Core/Src/main.c:173:8: warning: unused variable 'buf' [-Wunused-variable]
  173 |   char buf[4];
      |        ^~~
arm-none-eabi-gcc -o "lcd_demo.elf" @"objects.list"   -mcpu=cortex-m3 -T"C:\Users\bakra\Desktop\STM32 Projects\lcd_demo\STM32F103C8TX_FLASH.ld" --specs=nosys.specs -Wl,-Map="lcd_demo.map" -Wl,--gc-sections -static --specs=nano.specs -mfloat-abi=soft -mthumb -u _printf_float -Wl,--start-group -lc -lm -Wl,--end-group
Finished building target: lcd_demo.elf
 
arm-none-eabi-size   lcd_demo.elf 
arm-none-eabi-objdump -h -S  lcd_demo.elf  > "lcd_demo.list"
   text	   data	    bss	    dec	    hex	filename
  27160	    500	   1804	  29464	   7318	lcd_demo.elf
Finished building: default.size.stdout
 
Finished building: lcd_demo.list
 
15:43:31 **** Incremental Build of configuration Debug for project lcd_demo ****
make -j8 all 
arm-none-eabi-gcc "../Core/Src/main.c" -mcpu=cortex-m3 -std=gnu11 -g3 -DDEBUG -DUSE_HAL_DRIVER -DSTM32F103xB -c -I../Core/Inc -I../Drivers/STM32F1xx_HAL_Driver/Inc/Legacy -I../Drivers/STM32F1xx_HAL_Driver/Inc -I../Drivers/CMSIS/Device/ST/STM32F1xx/Include -I../Drivers/CMSIS/Include -O0 -ffunction-sections -fdata-sections -Wall -fstack-usage -MMD -MP -MF"Core/Src/main.d" -MT"Core/Src/main.o" --specs=nano.specs -mfloat-abi=soft -mthumb -o "Core/Src/main.o"
../Core/Src/main.c: In function 'main':
../Core/Src/main.c:173:8: warning: unused variable 'buf' [-Wunused-variable]
  173 |   char buf[4];
      |        ^~~
arm-none-eabi-gcc -o "lcd_demo.elf" @"objects.list"   -mcpu=cortex-m3 -T"C:\Users\bakra\Desktop\STM32 Projects\lcd_demo\STM32F103C8TX_FLASH.ld" --specs=nosys.specs -Wl,-Map="lcd_demo.map" -Wl,--gc-sections -static --specs=nano.specs -mfloat-abi=soft -mthumb -u _printf_float -Wl,--start-group -lc -lm -Wl,--end-group
Finished building target: lcd_demo.elf
 
arm-none-eabi-size   lcd_demo.elf 
arm-none-eabi-objdump -h -S  lcd_demo.elf  > "lcd_demo.list"
   text	   data	    bss	    dec	    hex	filename
  27120	    500	   1804	  29424	   72f0	lcd_demo.elf
Finished building: default.size.stdout
 
Finished building: lcd_demo.list
 
15:49:20 **** Incremental Build of configuration Debug for project lcd_demo ****
make -j8 all 
arm-none-eabi-gcc "../Core/Src/main.c" -mcpu=cortex-m3 -std=gnu11 -g3 -DDEBUG -DUSE_HAL_DRIVER -DSTM32F103xB -c -I../Core/Inc -I../Drivers/STM32F1xx_HAL_Driver/Inc/Legacy -I../Drivers/STM32F1xx_HAL_Driver/Inc -I../Drivers/CMSIS/Device/ST/STM32F1xx/Include -I../Drivers/CMSIS/Include -O0 -ffunction-sections -fdata-sections -Wall -fstack-usage -MMD -MP -MF"Core/Src/main.d" -MT"Core/Src/main.o" --specs=nano.specs -mfloat-abi=soft -mthumb -o "Core/Src/main.o"
../Core/Src/main.c: In function 'main':
../Core/Src/main.c:173:8: warning: unused variable 'buf' [-Wunused-variable]
  173 |   char buf[4];
      |        ^~~
arm-none-eabi-gcc -o "lcd_demo.elf" @"objects.list"   -mcpu=cortex-m3 -T"C:\Users\bakra\Desktop\STM32 Projects\lcd_demo\STM32F103C8TX_FLASH.ld" --specs=nosys.specs -Wl,-Map="lcd_demo.map" -Wl,--gc-sections -static --specs=nano.specs -mfloat-abi=soft -mthumb -u _printf_float -Wl,--start-group -lc -lm -Wl,--end-group
Finished building target: lcd_demo.elf
 
arm-none-eabi-size   lcd_demo.elf 
arm-none-eabi-objdump -h -S  lcd_demo.elf  > "lcd_demo.list"
   text	   data	    bss	    dec	    hex	filename
  27120	    500	   1804	  29424	   72f0	lcd_demo.elf
Finished building: default.size.stdout
 
Finished building: lcd_demo.list
 
15:50:54 **** Incremental Build of configuration Debug for project lcd_demo ****
make -j8 all 
arm-none-eabi-gcc "../Core/Src/main.c" -mcpu=cortex-m3 -std=gnu11 -g3 -DDEBUG -DUSE_HAL_DRIVER -DSTM32F103xB -c -I../Core/Inc -I../Drivers/STM32F1xx_HAL_Driver/Inc/Legacy -I../Drivers/STM32F1xx_HAL_Driver/Inc -I../Drivers/CMSIS/Device/ST/STM32F1xx/Include -I../Drivers/CMSIS/Include -O0 -ffunction-sections -fdata-sections -Wall -fstack-usage -MMD -MP -MF"Core/Src/main.d" -MT"Core/Src/main.o" --specs=nano.specs -mfloat-abi=soft -mthumb -o "Core/Src/main.o"
../Core/Src/main.c: In function 'main':
../Core/Src/main.c:173:8: warning: unused variable 'buf' [-Wunused-variable]
  173 |   char buf[4];
      |        ^~~
../Core/Src/main.c:268:23: warning: '%f' directive output may be truncated writing between 3 and 317 bytes into a region of size 5 [-Wformat-truncation=]
  268 |    snprintf(snum, 5, "%f", Gx);
      |                       ^~
../Core/Src/main.c:268:22: note: assuming directive output of 8 bytes
  268 |    snprintf(snum, 5, "%f", Gx);
      |                      ^~~~
../Core/Src/main.c:268:4: note: 'snprintf' output between 4 and 318 bytes into a destination of size 5
  268 |    snprintf(snum, 5, "%f", Gx);
      |    ^~~~~~~~~~~~~~~~~~~~~~~~~~~
arm-none-eabi-gcc -o "lcd_demo.elf" @"objects.list"   -mcpu=cortex-m3 -T"C:\Users\bakra\Desktop\STM32 Projects\lcd_demo\STM32F103C8TX_FLASH.ld" --specs=nosys.specs -Wl,-Map="lcd_demo.map" -Wl,--gc-sections -static --specs=nano.specs -mfloat-abi=soft -mthumb -u _printf_float -Wl,--start-group -lc -lm -Wl,--end-group
Finished building target: lcd_demo.elf
 
arm-none-eabi-size   lcd_demo.elf 
arm-none-eabi-objdump -h -S  lcd_demo.elf  > "lcd_demo.list"
   text	   data	    bss	    dec	    hex	filename
  27168	    500	   1804	  29472	   7320	lcd_demo.elf
Finished building: default.size.stdout
 
Finished building: lcd_demo.list
 
15:52:14 **** Incremental Build of configuration Debug for project lcd_demo ****
make -j8 all 
arm-none-eabi-gcc "../Core/Src/main.c" -mcpu=cortex-m3 -std=gnu11 -g3 -DDEBUG -DUSE_HAL_DRIVER -DSTM32F103xB -c -I../Core/Inc -I../Drivers/STM32F1xx_HAL_Driver/Inc/Legacy -I../Drivers/STM32F1xx_HAL_Driver/Inc -I../Drivers/CMSIS/Device/ST/STM32F1xx/Include -I../Drivers/CMSIS/Include -O0 -ffunction-sections -fdata-sections -Wall -fstack-usage -MMD -MP -MF"Core/Src/main.d" -MT"Core/Src/main.o" --specs=nano.specs -mfloat-abi=soft -mthumb -o "Core/Src/main.o"
../Core/Src/main.c: In function 'main':
../Core/Src/main.c:173:8: warning: unused variable 'buf' [-Wunused-variable]
  173 |   char buf[4];
      |        ^~~
../Core/Src/main.c:268:23: warning: '%f' directive output may be truncated writing between 3 and 317 bytes into a region of size 5 [-Wformat-truncation=]
  268 |    snprintf(snum, 5, "%f", Gx);
      |                       ^~
../Core/Src/main.c:268:22: note: assuming directive output of 8 bytes
  268 |    snprintf(snum, 5, "%f", Gx);
      |                      ^~~~
../Core/Src/main.c:268:4: note: 'snprintf' output between 4 and 318 bytes into a destination of size 5
  268 |    snprintf(snum, 5, "%f", Gx);
      |    ^~~~~~~~~~~~~~~~~~~~~~~~~~~
arm-none-eabi-gcc -o "lcd_demo.elf" @"objects.list"   -mcpu=cortex-m3 -T"C:\Users\bakra\Desktop\STM32 Projects\lcd_demo\STM32F103C8TX_FLASH.ld" --specs=nosys.specs -Wl,-Map="lcd_demo.map" -Wl,--gc-sections -static --specs=nano.specs -mfloat-abi=soft -mthumb -u _printf_float -Wl,--start-group -lc -lm -Wl,--end-group
Finished building target: lcd_demo.elf
 
arm-none-eabi-size   lcd_demo.elf 
arm-none-eabi-objdump -h -S  lcd_demo.elf  > "lcd_demo.list"
   text	   data	    bss	    dec	    hex	filename
  27168	    500	   1804	  29472	   7320	lcd_demo.elf
Finished building: default.size.stdout
 
Finished building: lcd_demo.list
 
15:53:38 **** Incremental Build of configuration Debug for project lcd_demo ****
make -j8 all 
arm-none-eabi-gcc "../Core/Src/main.c" -mcpu=cortex-m3 -std=gnu11 -g3 -DDEBUG -DUSE_HAL_DRIVER -DSTM32F103xB -c -I../Core/Inc -I../Drivers/STM32F1xx_HAL_Driver/Inc/Legacy -I../Drivers/STM32F1xx_HAL_Driver/Inc -I../Drivers/CMSIS/Device/ST/STM32F1xx/Include -I../Drivers/CMSIS/Include -O0 -ffunction-sections -fdata-sections -Wall -fstack-usage -MMD -MP -MF"Core/Src/main.d" -MT"Core/Src/main.o" --specs=nano.specs -mfloat-abi=soft -mthumb -o "Core/Src/main.o"
../Core/Src/main.c: In function 'main':
../Core/Src/main.c:268:19: warning: passing argument 2 of 'snprintf' makes integer from pointer without a cast [-Wint-conversion]
  268 |    snprintf(snum, "%f", Gx);
      |                   ^~~~
      |                   |
      |                   char *
In file included from ../Core/Src/main.c:21:
c:\st\stm32cubeide_1.11.0\stm32cubeide\plugins\com.st.stm32cube.ide.mcu.externaltools.gnu-tools-for-stm32.10.3-2021.10.win32_1.0.100.202210260954\tools\arm-none-eabi\include\stdio.h:266:33: note: expected 'size_t' {aka 'unsigned int'} but argument is of type 'char *'
  266 | int snprintf (char *__restrict, size_t, const char *__restrict, ...)
      |                                 ^~~~~~
../Core/Src/main.c:268:25: error: incompatible type for argument 3 of 'snprintf'
  268 |    snprintf(snum, "%f", Gx);
      |                         ^~
      |                         |
      |                         float
In file included from ../Core/Src/main.c:21:
c:\st\stm32cubeide_1.11.0\stm32cubeide\plugins\com.st.stm32cube.ide.mcu.externaltools.gnu-tools-for-stm32.10.3-2021.10.win32_1.0.100.202210260954\tools\arm-none-eabi\include\stdio.h:266:41: note: expected 'const char * restrict' but argument is of type 'float'
  266 | int snprintf (char *__restrict, size_t, const char *__restrict, ...)
      |                                         ^
../Core/Src/main.c:173:8: warning: unused variable 'buf' [-Wunused-variable]
  173 |   char buf[4];
      |        ^~~
make: *** [Core/Src/subdir.mk:37: Core/Src/main.o] Error 1
"make -j8 all" terminated with exit code 2. Build might be incomplete.
15:54:26 **** Incremental Build of configuration Debug for project lcd_demo ****
make -j8 all 
arm-none-eabi-gcc "../Core/Src/main.c" -mcpu=cortex-m3 -std=gnu11 -g3 -DDEBUG -DUSE_HAL_DRIVER -DSTM32F103xB -c -I../Core/Inc -I../Drivers/STM32F1xx_HAL_Driver/Inc/Legacy -I../Drivers/STM32F1xx_HAL_Driver/Inc -I../Drivers/CMSIS/Device/ST/STM32F1xx/Include -I../Drivers/CMSIS/Include -O0 -ffunction-sections -fdata-sections -Wall -fstack-usage -MMD -MP -MF"Core/Src/main.d" -MT"Core/Src/main.o" --specs=nano.specs -mfloat-abi=soft -mthumb -o "Core/Src/main.o"
../Core/Src/main.c: In function 'main':
../Core/Src/main.c:173:8: warning: unused variable 'buf' [-Wunused-variable]
  173 |   char buf[4];
      |        ^~~
../Core/Src/main.c:268:23: warning: '%f' directive output may be truncated writing between 3 and 317 bytes into a region of size 5 [-Wformat-truncation=]
  268 |    snprintf(snum, 5, "%f", Gx);
      |                       ^~
../Core/Src/main.c:268:22: note: assuming directive output of 8 bytes
  268 |    snprintf(snum, 5, "%f", Gx);
      |                      ^~~~
../Core/Src/main.c:268:4: note: 'snprintf' output between 4 and 318 bytes into a destination of size 5
  268 |    snprintf(snum, 5, "%f", Gx);
      |    ^~~~~~~~~~~~~~~~~~~~~~~~~~~
arm-none-eabi-gcc -o "lcd_demo.elf" @"objects.list"   -mcpu=cortex-m3 -T"C:\Users\bakra\Desktop\STM32 Projects\lcd_demo\STM32F103C8TX_FLASH.ld" --specs=nosys.specs -Wl,-Map="lcd_demo.map" -Wl,--gc-sections -static --specs=nano.specs -mfloat-abi=soft -mthumb -u _printf_float -Wl,--start-group -lc -lm -Wl,--end-group
Finished building target: lcd_demo.elf
 
arm-none-eabi-size   lcd_demo.elf 
arm-none-eabi-objdump -h -S  lcd_demo.elf  > "lcd_demo.list"
   text	   data	    bss	    dec	    hex	filename
  27168	    500	   1804	  29472	   7320	lcd_demo.elf
Finished building: default.size.stdout
 
Finished building: lcd_demo.list
 
15:55:32 **** Incremental Build of configuration Debug for project lcd_demo ****
make -j8 all 
arm-none-eabi-gcc "../Core/Src/main.c" -mcpu=cortex-m3 -std=gnu11 -g3 -DDEBUG -DUSE_HAL_DRIVER -DSTM32F103xB -c -I../Core/Inc -I../Drivers/STM32F1xx_HAL_Driver/Inc/Legacy -I../Drivers/STM32F1xx_HAL_Driver/Inc -I../Drivers/CMSIS/Device/ST/STM32F1xx/Include -I../Drivers/CMSIS/Include -O0 -ffunction-sections -fdata-sections -Wall -fstack-usage -MMD -MP -MF"Core/Src/main.d" -MT"Core/Src/main.o" --specs=nano.specs -mfloat-abi=soft -mthumb -o "Core/Src/main.o"
../Core/Src/main.c: In function 'main':
../Core/Src/main.c:272:18: warning: passing argument 2 of 'sprintf' makes pointer from integer without a cast [-Wint-conversion]
  272 |    sprintf(snum, 5, "%f", Gz);
      |                  ^
      |                  |
      |                  int
In file included from ../Core/Src/main.c:21:
c:\st\stm32cubeide_1.11.0\stm32cubeide\plugins\com.st.stm32cube.ide.mcu.externaltools.gnu-tools-for-stm32.10.3-2021.10.win32_1.0.100.202210260954\tools\arm-none-eabi\include\stdio.h:244:32: note: expected 'const char * restrict' but argument is of type 'int'
  244 | int sprintf (char *__restrict, const char *__restrict, ...)
      |                                ^
../Core/Src/main.c:173:8: warning: unused variable 'buf' [-Wunused-variable]
  173 |   char buf[4];
      |        ^~~
../Core/Src/main.c:268:23: warning: '%f' directive output may be truncated writing between 3 and 317 bytes into a region of size 5 [-Wformat-truncation=]
  268 |    snprintf(snum, 5, "%f", Gx);
      |                       ^~
../Core/Src/main.c:268:22: note: assuming directive output of 8 bytes
  268 |    snprintf(snum, 5, "%f", Gx);
      |                      ^~~~
../Core/Src/main.c:268:4: note: 'snprintf' output between 4 and 318 bytes into a destination of size 5
  268 |    snprintf(snum, 5, "%f", Gx);
      |    ^~~~~~~~~~~~~~~~~~~~~~~~~~~
arm-none-eabi-gcc -o "lcd_demo.elf" @"objects.list"   -mcpu=cortex-m3 -T"C:\Users\bakra\Desktop\STM32 Projects\lcd_demo\STM32F103C8TX_FLASH.ld" --specs=nosys.specs -Wl,-Map="lcd_demo.map" -Wl,--gc-sections -static --specs=nano.specs -mfloat-abi=soft -mthumb -u _printf_float -Wl,--start-group -lc -lm -Wl,--end-group
Finished building target: lcd_demo.elf
 
arm-none-eabi-size   lcd_demo.elf 
arm-none-eabi-objdump -h -S  lcd_demo.elf  > "lcd_demo.list"
   text	   data	    bss	    dec	    hex	filename
  27280	    500	   1804	  29584	   7390	lcd_demo.elf
Finished building: default.size.stdout
 
Finished building: lcd_demo.list
 
15:56:15 **** Incremental Build of configuration Debug for project lcd_demo ****
make -j8 all 
arm-none-eabi-gcc "../Core/Src/main.c" -mcpu=cortex-m3 -std=gnu11 -g3 -DDEBUG -DUSE_HAL_DRIVER -DSTM32F103xB -c -I../Core/Inc -I../Drivers/STM32F1xx_HAL_Driver/Inc/Legacy -I../Drivers/STM32F1xx_HAL_Driver/Inc -I../Drivers/CMSIS/Device/ST/STM32F1xx/Include -I../Drivers/CMSIS/Include -O0 -ffunction-sections -fdata-sections -Wall -fstack-usage -MMD -MP -MF"Core/Src/main.d" -MT"Core/Src/main.o" --specs=nano.specs -mfloat-abi=soft -mthumb -o "Core/Src/main.o"
../Core/Src/main.c: In function 'main':
../Core/Src/main.c:173:8: warning: unused variable 'buf' [-Wunused-variable]
  173 |   char buf[4];
      |        ^~~
../Core/Src/main.c:268:23: warning: '%f' directive output may be truncated writing between 3 and 317 bytes into a region of size 5 [-Wformat-truncation=]
  268 |    snprintf(snum, 5, "%f", Gx);
      |                       ^~
../Core/Src/main.c:268:22: note: assuming directive output of 8 bytes
  268 |    snprintf(snum, 5, "%f", Gx);
      |                      ^~~~
../Core/Src/main.c:268:4: note: 'snprintf' output between 4 and 318 bytes into a destination of size 5
  268 |    snprintf(snum, 5, "%f", Gx);
      |    ^~~~~~~~~~~~~~~~~~~~~~~~~~~
../Core/Src/main.c:272:23: warning: '%f' directive output may be truncated writing between 3 and 317 bytes into a region of size 5 [-Wformat-truncation=]
  272 |    snprintf(snum, 5, "%f", Gz);
      |                       ^~
../Core/Src/main.c:272:22: note: assuming directive output of 8 bytes
  272 |    snprintf(snum, 5, "%f", Gz);
      |                      ^~~~
../Core/Src/main.c:272:4: note: 'snprintf' output between 4 and 318 bytes into a destination of size 5
  272 |    snprintf(snum, 5, "%f", Gz);
      |    ^~~~~~~~~~~~~~~~~~~~~~~~~~~
arm-none-eabi-gcc -o "lcd_demo.elf" @"objects.list"   -mcpu=cortex-m3 -T"C:\Users\bakra\Desktop\STM32 Projects\lcd_demo\STM32F103C8TX_FLASH.ld" --specs=nosys.specs -Wl,-Map="lcd_demo.map" -Wl,--gc-sections -static --specs=nano.specs -mfloat-abi=soft -mthumb -u _printf_float -Wl,--start-group -lc -lm -Wl,--end-group
Finished building target: lcd_demo.elf
 
arm-none-eabi-size   lcd_demo.elf 
arm-none-eabi-objdump -h -S  lcd_demo.elf  > "lcd_demo.list"
   text	   data	    bss	    dec	    hex	filename
  27216	    500	   1804	  29520	   7350	lcd_demo.elf
Finished building: default.size.stdout
 
Finished building: lcd_demo.list
 
16:03:12 **** Incremental Build of configuration Debug for project lcd_demo ****
make -j8 all 
arm-none-eabi-gcc "../Core/Src/main.c" -mcpu=cortex-m3 -std=gnu11 -g3 -DDEBUG -DUSE_HAL_DRIVER -DSTM32F103xB -c -I../Core/Inc -I../Drivers/STM32F1xx_HAL_Driver/Inc/Legacy -I../Drivers/STM32F1xx_HAL_Driver/Inc -I../Drivers/CMSIS/Device/ST/STM32F1xx/Include -I../Drivers/CMSIS/Include -O0 -ffunction-sections -fdata-sections -Wall -fstack-usage -MMD -MP -MF"Core/Src/main.d" -MT"Core/Src/main.o" --specs=nano.specs -mfloat-abi=soft -mthumb -o "Core/Src/main.o"
../Core/Src/main.c: In function 'main':
../Core/Src/main.c:173:8: warning: unused variable 'buf' [-Wunused-variable]
  173 |   char buf[4];
      |        ^~~
../Core/Src/main.c:268:23: warning: '%f' directive output may be truncated writing between 3 and 317 bytes into a region of size 5 [-Wformat-truncation=]
  268 |    snprintf(snum, 5, "%f", Gx);
      |                       ^~
../Core/Src/main.c:268:22: note: assuming directive output of 8 bytes
  268 |    snprintf(snum, 5, "%f", Gx);
      |                      ^~~~
../Core/Src/main.c:268:4: note: 'snprintf' output between 4 and 318 bytes into a destination of size 5
  268 |    snprintf(snum, 5, "%f", Gx);
      |    ^~~~~~~~~~~~~~~~~~~~~~~~~~~
../Core/Src/main.c:272:23: warning: '%f' directive output may be truncated writing between 3 and 317 bytes into a region of size 5 [-Wformat-truncation=]
  272 |    snprintf(snum, 5, "%f", Gz);
      |                       ^~
../Core/Src/main.c:272:22: note: assuming directive output of 8 bytes
  272 |    snprintf(snum, 5, "%f", Gz);
      |                      ^~~~
../Core/Src/main.c:272:4: note: 'snprintf' output between 4 and 318 bytes into a destination of size 5
  272 |    snprintf(snum, 5, "%f", Gz);
      |    ^~~~~~~~~~~~~~~~~~~~~~~~~~~
../Core/Src/main.c:277:23: warning: '%f' directive output may be truncated writing between 3 and 317 bytes into a region of size 5 [-Wformat-truncation=]
  277 |    snprintf(snum, 5, "%f", Gx);
      |                       ^~
../Core/Src/main.c:277:22: note: assuming directive output of 8 bytes
  277 |    snprintf(snum, 5, "%f", Gx);
      |                      ^~~~
../Core/Src/main.c:277:4: note: 'snprintf' output between 4 and 318 bytes into a destination of size 5
  277 |    snprintf(snum, 5, "%f", Gx);
      |    ^~~~~~~~~~~~~~~~~~~~~~~~~~~
../Core/Src/main.c:281:23: warning: '%f' directive output may be truncated writing between 3 and 317 bytes into a region of size 5 [-Wformat-truncation=]
  281 |    snprintf(snum, 5, "%f", Gz);
      |                       ^~
../Core/Src/main.c:281:22: note: assuming directive output of 8 bytes
  281 |    snprintf(snum, 5, "%f", Gz);
      |                      ^~~~
../Core/Src/main.c:281:4: note: 'snprintf' output between 4 and 318 bytes into a destination of size 5
  281 |    snprintf(snum, 5, "%f", Gz);
      |    ^~~~~~~~~~~~~~~~~~~~~~~~~~~
arm-none-eabi-gcc -o "lcd_demo.elf" @"objects.list"   -mcpu=cortex-m3 -T"C:\Users\bakra\Desktop\STM32 Projects\lcd_demo\STM32F103C8TX_FLASH.ld" --specs=nosys.specs -Wl,-Map="lcd_demo.map" -Wl,--gc-sections -static --specs=nano.specs -mfloat-abi=soft -mthumb -u _printf_float -Wl,--start-group -lc -lm -Wl,--end-group
Finished building target: lcd_demo.elf
 
arm-none-eabi-size   lcd_demo.elf 
arm-none-eabi-objdump -h -S  lcd_demo.elf  > "lcd_demo.list"
   text	   data	    bss	    dec	    hex	filename
  27304	    500	   1804	  29608	   73a8	lcd_demo.elf
Finished building: default.size.stdout
 
Finished building: lcd_demo.list
 
16:03:29 **** Incremental Build of configuration Debug for project lcd_demo ****
make -j8 all 
arm-none-eabi-gcc "../Core/Src/main.c" -mcpu=cortex-m3 -std=gnu11 -g3 -DDEBUG -DUSE_HAL_DRIVER -DSTM32F103xB -c -I../Core/Inc -I../Drivers/STM32F1xx_HAL_Driver/Inc/Legacy -I../Drivers/STM32F1xx_HAL_Driver/Inc -I../Drivers/CMSIS/Device/ST/STM32F1xx/Include -I../Drivers/CMSIS/Include -O0 -ffunction-sections -fdata-sections -Wall -fstack-usage -MMD -MP -MF"Core/Src/main.d" -MT"Core/Src/main.o" --specs=nano.specs -mfloat-abi=soft -mthumb -o "Core/Src/main.o"
../Core/Src/main.c: In function 'main':
../Core/Src/main.c:173:8: warning: unused variable 'buf' [-Wunused-variable]
  173 |   char buf[4];
      |        ^~~
../Core/Src/main.c:268:23: warning: '%f' directive output may be truncated writing between 3 and 317 bytes into a region of size 5 [-Wformat-truncation=]
  268 |    snprintf(snum, 5, "%f", Gx);
      |                       ^~
../Core/Src/main.c:268:22: note: assuming directive output of 8 bytes
  268 |    snprintf(snum, 5, "%f", Gx);
      |                      ^~~~
../Core/Src/main.c:268:4: note: 'snprintf' output between 4 and 318 bytes into a destination of size 5
  268 |    snprintf(snum, 5, "%f", Gx);
      |    ^~~~~~~~~~~~~~~~~~~~~~~~~~~
../Core/Src/main.c:272:23: warning: '%f' directive output may be truncated writing between 3 and 317 bytes into a region of size 5 [-Wformat-truncation=]
  272 |    snprintf(snum, 5, "%f", Gz);
      |                       ^~
../Core/Src/main.c:272:22: note: assuming directive output of 8 bytes
  272 |    snprintf(snum, 5, "%f", Gz);
      |                      ^~~~
../Core/Src/main.c:272:4: note: 'snprintf' output between 4 and 318 bytes into a destination of size 5
  272 |    snprintf(snum, 5, "%f", Gz);
      |    ^~~~~~~~~~~~~~~~~~~~~~~~~~~
../Core/Src/main.c:277:23: warning: '%f' directive output may be truncated writing between 3 and 317 bytes into a region of size 5 [-Wformat-truncation=]
  277 |    snprintf(snum, 5, "%f", Ay);
      |                       ^~
../Core/Src/main.c:277:22: note: assuming directive output of 8 bytes
  277 |    snprintf(snum, 5, "%f", Ay);
      |                      ^~~~
../Core/Src/main.c:277:4: note: 'snprintf' output between 4 and 318 bytes into a destination of size 5
  277 |    snprintf(snum, 5, "%f", Ay);
      |    ^~~~~~~~~~~~~~~~~~~~~~~~~~~
../Core/Src/main.c:281:23: warning: '%f' directive output may be truncated writing between 3 and 317 bytes into a region of size 5 [-Wformat-truncation=]
  281 |    snprintf(snum, 5, "%f", Az);
      |                       ^~
../Core/Src/main.c:281:22: note: assuming directive output of 8 bytes
  281 |    snprintf(snum, 5, "%f", Az);
      |                      ^~~~
../Core/Src/main.c:281:4: note: 'snprintf' output between 4 and 318 bytes into a destination of size 5
  281 |    snprintf(snum, 5, "%f", Az);
      |    ^~~~~~~~~~~~~~~~~~~~~~~~~~~
arm-none-eabi-gcc -o "lcd_demo.elf" @"objects.list"   -mcpu=cortex-m3 -T"C:\Users\bakra\Desktop\STM32 Projects\lcd_demo\STM32F103C8TX_FLASH.ld" --specs=nosys.specs -Wl,-Map="lcd_demo.map" -Wl,--gc-sections -static --specs=nano.specs -mfloat-abi=soft -mthumb -u _printf_float -Wl,--start-group -lc -lm -Wl,--end-group
Finished building target: lcd_demo.elf
 
arm-none-eabi-size   lcd_demo.elf 
arm-none-eabi-objdump -h -S  lcd_demo.elf  > "lcd_demo.list"
   text	   data	    bss	    dec	    hex	filename
  27312	    500	   1804	  29616	   73b0	lcd_demo.elf
Finished building: default.size.stdout
 
Finished building: lcd_demo.list
 
16:04:52 **** Incremental Build of configuration Debug for project lcd_demo ****
make -j8 all 
arm-none-eabi-gcc "../Core/Src/main.c" -mcpu=cortex-m3 -std=gnu11 -g3 -DDEBUG -DUSE_HAL_DRIVER -DSTM32F103xB -c -I../Core/Inc -I../Drivers/STM32F1xx_HAL_Driver/Inc/Legacy -I../Drivers/STM32F1xx_HAL_Driver/Inc -I../Drivers/CMSIS/Device/ST/STM32F1xx/Include -I../Drivers/CMSIS/Include -O0 -ffunction-sections -fdata-sections -Wall -fstack-usage -MMD -MP -MF"Core/Src/main.d" -MT"Core/Src/main.o" --specs=nano.specs -mfloat-abi=soft -mthumb -o "Core/Src/main.o"
../Core/Src/main.c: In function 'main':
../Core/Src/main.c:173:8: warning: unused variable 'buf' [-Wunused-variable]
  173 |   char buf[4];
      |        ^~~
../Core/Src/main.c:268:23: warning: '%f' directive output may be truncated writing between 3 and 317 bytes into a region of size 7 [-Wformat-truncation=]
  268 |    snprintf(snum, 7, "%f", Gx);
      |                       ^~
../Core/Src/main.c:268:22: note: assuming directive output of 8 bytes
  268 |    snprintf(snum, 7, "%f", Gx);
      |                      ^~~~
../Core/Src/main.c:268:4: note: 'snprintf' output between 4 and 318 bytes into a destination of size 7
  268 |    snprintf(snum, 7, "%f", Gx);
      |    ^~~~~~~~~~~~~~~~~~~~~~~~~~~
../Core/Src/main.c:272:23: warning: '%f' directive output may be truncated writing between 3 and 317 bytes into a region of size 7 [-Wformat-truncation=]
  272 |    snprintf(snum, 7, "%f", Gz);
      |                       ^~
../Core/Src/main.c:272:22: note: assuming directive output of 8 bytes
  272 |    snprintf(snum, 7, "%f", Gz);
      |                      ^~~~
../Core/Src/main.c:272:4: note: 'snprintf' output between 4 and 318 bytes into a destination of size 7
  272 |    snprintf(snum, 7, "%f", Gz);
      |    ^~~~~~~~~~~~~~~~~~~~~~~~~~~
../Core/Src/main.c:277:23: warning: '%f' directive output may be truncated writing between 3 and 317 bytes into a region of size 7 [-Wformat-truncation=]
  277 |    snprintf(snum, 7, "%f", Ay);
      |                       ^~
../Core/Src/main.c:277:22: note: assuming directive output of 8 bytes
  277 |    snprintf(snum, 7, "%f", Ay);
      |                      ^~~~
../Core/Src/main.c:277:4: note: 'snprintf' output between 4 and 318 bytes into a destination of size 7
  277 |    snprintf(snum, 7, "%f", Ay);
      |    ^~~~~~~~~~~~~~~~~~~~~~~~~~~
../Core/Src/main.c:281:23: warning: '%f' directive output may be truncated writing between 3 and 317 bytes into a region of size 7 [-Wformat-truncation=]
  281 |    snprintf(snum, 7, "%f", Az);
      |                       ^~
../Core/Src/main.c:281:22: note: assuming directive output of 8 bytes
  281 |    snprintf(snum, 7, "%f", Az);
      |                      ^~~~
../Core/Src/main.c:281:4: note: 'snprintf' output between 4 and 318 bytes into a destination of size 7
  281 |    snprintf(snum, 7, "%f", Az);
      |    ^~~~~~~~~~~~~~~~~~~~~~~~~~~
arm-none-eabi-gcc -o "lcd_demo.elf" @"objects.list"   -mcpu=cortex-m3 -T"C:\Users\bakra\Desktop\STM32 Projects\lcd_demo\STM32F103C8TX_FLASH.ld" --specs=nosys.specs -Wl,-Map="lcd_demo.map" -Wl,--gc-sections -static --specs=nano.specs -mfloat-abi=soft -mthumb -u _printf_float -Wl,--start-group -lc -lm -Wl,--end-group
Finished building target: lcd_demo.elf
 
arm-none-eabi-size   lcd_demo.elf 
arm-none-eabi-objdump -h -S  lcd_demo.elf  > "lcd_demo.list"
   text	   data	    bss	    dec	    hex	filename
  27312	    500	   1804	  29616	   73b0	lcd_demo.elf
Finished building: default.size.stdout
 
Finished building: lcd_demo.list
 
16:07:50 **** Incremental Build of configuration Debug for project lcd_demo ****
make -j8 all 
arm-none-eabi-gcc "../Core/Src/main.c" -mcpu=cortex-m3 -std=gnu11 -g3 -DDEBUG -DUSE_HAL_DRIVER -DSTM32F103xB -c -I../Core/Inc -I../Drivers/STM32F1xx_HAL_Driver/Inc/Legacy -I../Drivers/STM32F1xx_HAL_Driver/Inc -I../Drivers/CMSIS/Device/ST/STM32F1xx/Include -I../Drivers/CMSIS/Include -O0 -ffunction-sections -fdata-sections -Wall -fstack-usage -MMD -MP -MF"Core/Src/main.d" -MT"Core/Src/main.o" --specs=nano.specs -mfloat-abi=soft -mthumb -o "Core/Src/main.o"
../Core/Src/main.c: In function 'main':
../Core/Src/main.c:173:8: warning: unused variable 'buf' [-Wunused-variable]
  173 |   char buf[4];
      |        ^~~
../Core/Src/main.c:268:23: warning: '%f' directive output may be truncated writing between 3 and 317 bytes into a region of size 7 [-Wformat-truncation=]
  268 |    snprintf(snum, 7, "%f", Gx);
      |                       ^~
../Core/Src/main.c:268:22: note: assuming directive output of 8 bytes
  268 |    snprintf(snum, 7, "%f", Gx);
      |                      ^~~~
../Core/Src/main.c:268:4: note: 'snprintf' output between 4 and 318 bytes into a destination of size 7
  268 |    snprintf(snum, 7, "%f", Gx);
      |    ^~~~~~~~~~~~~~~~~~~~~~~~~~~
../Core/Src/main.c:272:23: warning: '%f' directive output may be truncated writing between 3 and 317 bytes into a region of size 7 [-Wformat-truncation=]
  272 |    snprintf(snum, 7, "%f", Gz);
      |                       ^~
../Core/Src/main.c:272:22: note: assuming directive output of 8 bytes
  272 |    snprintf(snum, 7, "%f", Gz);
      |                      ^~~~
../Core/Src/main.c:272:4: note: 'snprintf' output between 4 and 318 bytes into a destination of size 7
  272 |    snprintf(snum, 7, "%f", Gz);
      |    ^~~~~~~~~~~~~~~~~~~~~~~~~~~
../Core/Src/main.c:277:23: warning: '%f' directive output may be truncated writing between 3 and 317 bytes into a region of size 7 [-Wformat-truncation=]
  277 |    snprintf(snum, 7, "%f", Ay);
      |                       ^~
../Core/Src/main.c:277:22: note: assuming directive output of 8 bytes
  277 |    snprintf(snum, 7, "%f", Ay);
      |                      ^~~~
../Core/Src/main.c:277:4: note: 'snprintf' output between 4 and 318 bytes into a destination of size 7
  277 |    snprintf(snum, 7, "%f", Ay);
[...]
arm-none-eabi-gcc "../Middlewares/Third_Party/FreeRTOS/Source/list.c" -mcpu=cortex-m3 -std=gnu11 -g3 -DDEBUG -DUSE_HAL_DRIVER -DSTM32F103xB -c -I../Core/Inc -I../Drivers/STM32F1xx_HAL_Driver/Inc/Legacy -I../Drivers/STM32F1xx_HAL_Driver/Inc -I../Drivers/CMSIS/Device/ST/STM32F1xx/Include -I../Drivers/CMSIS/Include -I../Middlewares/Third_Party/FreeRTOS/Source/include -I../Middlewares/Third_Party/FreeRTOS/Source/CMSIS_RTOS_V2 -I../Middlewares/Third_Party/FreeRTOS/Source/portable/GCC/ARM_CM3 -O0 -ffunction-sections -fdata-sections -Wall -fstack-usage -MMD -MP -MF"Middlewares/Third_Party/FreeRTOS/Source/list.d" -MT"Middlewares/Third_Party/FreeRTOS/Source/list.o" --specs=nano.specs -mfloat-abi=soft -mthumb -o "Middlewares/Third_Party/FreeRTOS/Source/list.o"
arm-none-eabi-gcc "../Middlewares/Third_Party/FreeRTOS/Source/queue.c" -mcpu=cortex-m3 -std=gnu11 -g3 -DDEBUG -DUSE_HAL_DRIVER -DSTM32F103xB -c -I../Core/Inc -I../Drivers/STM32F1xx_HAL_Driver/Inc/Legacy -I../Drivers/STM32F1xx_HAL_Driver/Inc -I../Drivers/CMSIS/Device/ST/STM32F1xx/Include -I../Drivers/CMSIS/Include -I../Middlewares/Third_Party/FreeRTOS/Source/include -I../Middlewares/Third_Party/FreeRTOS/Source/CMSIS_RTOS_V2 -I../Middlewares/Third_Party/FreeRTOS/Source/portable/GCC/ARM_CM3 -O0 -ffunction-sections -fdata-sections -Wall -fstack-usage -MMD -MP -MF"Middlewares/Third_Party/FreeRTOS/Source/queue.d" -MT"Middlewares/Third_Party/FreeRTOS/Source/queue.o" --specs=nano.specs -mfloat-abi=soft -mthumb -o "Middlewares/Third_Party/FreeRTOS/Source/queue.o"
arm-none-eabi-gcc "../Middlewares/Third_Party/FreeRTOS/Source/stream_buffer.c" -mcpu=cortex-m3 -std=gnu11 -g3 -DDEBUG -DUSE_HAL_DRIVER -DSTM32F103xB -c -I../Core/Inc -I../Drivers/STM32F1xx_HAL_Driver/Inc/Legacy -I../Drivers/STM32F1xx_HAL_Driver/Inc -I../Drivers/CMSIS/Device/ST/STM32F1xx/Include -I../Drivers/CMSIS/Include -I../Middlewares/Third_Party/FreeRTOS/Source/include -I../Middlewares/Third_Party/FreeRTOS/Source/CMSIS_RTOS_V2 -I../Middlewares/Third_Party/FreeRTOS/Source/portable/GCC/ARM_CM3 -O0 -ffunction-sections -fdata-sections -Wall -fstack-usage -MMD -MP -MF"Middlewares/Third_Party/FreeRTOS/Source/stream_buffer.d" -MT"Middlewares/Third_Party/FreeRTOS/Source/stream_buffer.o" --specs=nano.specs -mfloat-abi=soft -mthumb -o "Middlewares/Third_Party/FreeRTOS/Source/stream_buffer.o"
arm-none-eabi-gcc "../Middlewares/Third_Party/FreeRTOS/Source/tasks.c" -mcpu=cortex-m3 -std=gnu11 -g3 -DDEBUG -DUSE_HAL_DRIVER -DSTM32F103xB -c -I../Core/Inc -I../Drivers/STM32F1xx_HAL_Driver/Inc/Legacy -I../Drivers/STM32F1xx_HAL_Driver/Inc -I../Drivers/CMSIS/Device/ST/STM32F1xx/Include -I../Drivers/CMSIS/Include -I../Middlewares/Third_Party/FreeRTOS/Source/include -I../Middlewares/Third_Party/FreeRTOS/Source/CMSIS_RTOS_V2 -I../Middlewares/Third_Party/FreeRTOS/Source/portable/GCC/ARM_CM3 -O0 -ffunction-sections -fdata-sections -Wall -fstack-usage -MMD -MP -MF"Middlewares/Third_Party/FreeRTOS/Source/tasks.d" -MT"Middlewares/Third_Party/FreeRTOS/Source/tasks.o" --specs=nano.specs -mfloat-abi=soft -mthumb -o "Middlewares/Third_Party/FreeRTOS/Source/tasks.o"
arm-none-eabi-gcc "../Middlewares/Third_Party/FreeRTOS/Source/timers.c" -mcpu=cortex-m3 -std=gnu11 -g3 -DDEBUG -DUSE_HAL_DRIVER -DSTM32F103xB -c -I../Core/Inc -I../Drivers/STM32F1xx_HAL_Driver/Inc/Legacy -I../Drivers/STM32F1xx_HAL_Driver/Inc -I../Drivers/CMSIS/Device/ST/STM32F1xx/Include -I../Drivers/CMSIS/Include -I../Middlewares/Third_Party/FreeRTOS/Source/include -I../Middlewares/Third_Party/FreeRTOS/Source/CMSIS_RTOS_V2 -I../Middlewares/Third_Party/FreeRTOS/Source/portable/GCC/ARM_CM3 -O0 -ffunction-sections -fdata-sections -Wall -fstack-usage -MMD -MP -MF"Middlewares/Third_Party/FreeRTOS/Source/timers.d" -MT"Middlewares/Third_Party/FreeRTOS/Source/timers.o" --specs=nano.specs -mfloat-abi=soft -mthumb -o "Middlewares/Third_Party/FreeRTOS/Source/timers.o"
arm-none-eabi-gcc "../Drivers/STM32F1xx_HAL_Driver/Src/stm32f1xx_hal.c" -mcpu=cortex-m3 -std=gnu11 -g3 -DDEBUG -DUSE_HAL_DRIVER -DSTM32F103xB -c -I../Core/Inc -I../Drivers/STM32F1xx_HAL_Driver/Inc/Legacy -I../Drivers/STM32F1xx_HAL_Driver/Inc -I../Drivers/CMSIS/Device/ST/STM32F1xx/Include -I../Drivers/CMSIS/Include -I../Middlewares/Third_Party/FreeRTOS/Source/include -I../Middlewares/Third_Party/FreeRTOS/Source/CMSIS_RTOS_V2 -I../Middlewares/Third_Party/FreeRTOS/Source/portable/GCC/ARM_CM3 -O0 -ffunction-sections -fdata-sections -Wall -fstack-usage -MMD -MP -MF"Drivers/STM32F1xx_HAL_Driver/Src/stm32f1xx_hal.d" -MT"Drivers/STM32F1xx_HAL_Driver/Src/stm32f1xx_hal.o" --specs=nano.specs -mfloat-abi=soft -mthumb -o "Drivers/STM32F1xx_HAL_Driver/Src/stm32f1xx_hal.o"
arm-none-eabi-gcc "../Drivers/STM32F1xx_HAL_Driver/Src/stm32f1xx_hal_cortex.c" -mcpu=cortex-m3 -std=gnu11 -g3 -DDEBUG -DUSE_HAL_DRIVER -DSTM32F103xB -c -I../Core/Inc -I../Drivers/STM32F1xx_HAL_Driver/Inc/Legacy -I../Drivers/STM32F1xx_HAL_Driver/Inc -I../Drivers/CMSIS/Device/ST/STM32F1xx/Include -I../Drivers/CMSIS/Include -I../Middlewares/Third_Party/FreeRTOS/Source/include -I../Middlewares/Third_Party/FreeRTOS/Source/CMSIS_RTOS_V2 -I../Middlewares/Third_Party/FreeRTOS/Source/portable/GCC/ARM_CM3 -O0 -ffunction-sections -fdata-sections -Wall -fstack-usage -MMD -MP -MF"Drivers/STM32F1xx_HAL_Driver/Src/stm32f1xx_hal_cortex.d" -MT"Drivers/STM32F1xx_HAL_Driver/Src/stm32f1xx_hal_cortex.o" --specs=nano.specs -mfloat-abi=soft -mthumb -o "Drivers/STM32F1xx_HAL_Driver/Src/stm32f1xx_hal_cortex.o"
arm-none-eabi-gcc "../Drivers/STM32F1xx_HAL_Driver/Src/stm32f1xx_hal_dma.c" -mcpu=cortex-m3 -std=gnu11 -g3 -DDEBUG -DUSE_HAL_DRIVER -DSTM32F103xB -c -I../Core/Inc -I../Drivers/STM32F1xx_HAL_Driver/Inc/Legacy -I../Drivers/STM32F1xx_HAL_Driver/Inc -I../Drivers/CMSIS/Device/ST/STM32F1xx/Include -I../Drivers/CMSIS/Include -I../Middlewares/Third_Party/FreeRTOS/Source/include -I../Middlewares/Third_Party/FreeRTOS/Source/CMSIS_RTOS_V2 -I../Middlewares/Third_Party/FreeRTOS/Source/portable/GCC/ARM_CM3 -O0 -ffunction-sections -fdata-sections -Wall -fstack-usage -MMD -MP -MF"Drivers/STM32F1xx_HAL_Driver/Src/stm32f1xx_hal_dma.d" -MT"Drivers/STM32F1xx_HAL_Driver/Src/stm32f1xx_hal_dma.o" --specs=nano.specs -mfloat-abi=soft -mthumb -o "Drivers/STM32F1xx_HAL_Driver/Src/stm32f1xx_hal_dma.o"
arm-none-eabi-gcc "../Drivers/STM32F1xx_HAL_Driver/Src/stm32f1xx_hal_exti.c" -mcpu=cortex-m3 -std=gnu11 -g3 -DDEBUG -DUSE_HAL_DRIVER -DSTM32F103xB -c -I../Core/Inc -I../Drivers/STM32F1xx_HAL_Driver/Inc/Legacy -I../Drivers/STM32F1xx_HAL_Driver/Inc -I../Drivers/CMSIS/Device/ST/STM32F1xx/Include -I../Drivers/CMSIS/Include -I../Middlewares/Third_Party/FreeRTOS/Source/include -I../Middlewares/Third_Party/FreeRTOS/Source/CMSIS_RTOS_V2 -I../Middlewares/Third_Party/FreeRTOS/Source/portable/GCC/ARM_CM3 -O0 -ffunction-sections -fdata-sections -Wall -fstack-usage -MMD -MP -MF"Drivers/STM32F1xx_HAL_Driver/Src/stm32f1xx_hal_exti.d" -MT"Drivers/STM32F1xx_HAL_Driver/Src/stm32f1xx_hal_exti.o" --specs=nano.specs -mfloat-abi=soft -mthumb -o "Drivers/STM32F1xx_HAL_Driver/Src/stm32f1xx_hal_exti.o"
arm-none-eabi-gcc "../Drivers/STM32F1xx_HAL_Driver/Src/stm32f1xx_hal_flash.c" -mcpu=cortex-m3 -std=gnu11 -g3 -DDEBUG -DUSE_HAL_DRIVER -DSTM32F103xB -c -I../Core/Inc -I../Drivers/STM32F1xx_HAL_Driver/Inc/Legacy -I../Drivers/STM32F1xx_HAL_Driver/Inc -I../Drivers/CMSIS/Device/ST/STM32F1xx/Include -I../Drivers/CMSIS/Include -I../Middlewares/Third_Party/FreeRTOS/Source/include -I../Middlewares/Third_Party/FreeRTOS/Source/CMSIS_RTOS_V2 -I../Middlewares/Third_Party/FreeRTOS/Source/portable/GCC/ARM_CM3 -O0 -ffunction-sections -fdata-sections -Wall -fstack-usage -MMD -MP -MF"Drivers/STM32F1xx_HAL_Driver/Src/stm32f1xx_hal_flash.d" -MT"Drivers/STM32F1xx_HAL_Driver/Src/stm32f1xx_hal_flash.o" --specs=nano.specs -mfloat-abi=soft -mthumb -o "Drivers/STM32F1xx_HAL_Driver/Src/stm32f1xx_hal_flash.o"
arm-none-eabi-gcc "../Drivers/STM32F1xx_HAL_Driver/Src/stm32f1xx_hal_flash_ex.c" -mcpu=cortex-m3 -std=gnu11 -g3 -DDEBUG -DUSE_HAL_DRIVER -DSTM32F103xB -c -I../Core/Inc -I../Drivers/STM32F1xx_HAL_Driver/Inc/Legacy -I../Drivers/STM32F1xx_HAL_Driver/Inc -I../Drivers/CMSIS/Device/ST/STM32F1xx/Include -I../Drivers/CMSIS/Include -I../Middlewares/Third_Party/FreeRTOS/Source/include -I../Middlewares/Third_Party/FreeRTOS/Source/CMSIS_RTOS_V2 -I../Middlewares/Third_Party/FreeRTOS/Source/portable/GCC/ARM_CM3 -O0 -ffunction-sections -fdata-sections -Wall -fstack-usage -MMD -MP -MF"Drivers/STM32F1xx_HAL_Driver/Src/stm32f1xx_hal_flash_ex.d" -MT"Drivers/STM32F1xx_HAL_Driver/Src/stm32f1xx_hal_flash_ex.o" --specs=nano.specs -mfloat-abi=soft -mthumb -o "Drivers/STM32F1xx_HAL_Driver/Src/stm32f1xx_hal_flash_ex.o"
arm-none-eabi-gcc "../Drivers/STM32F1xx_HAL_Driver/Src/stm32f1xx_hal_gpio.c" -mcpu=cortex-m3 -std=gnu11 -g3 -DDEBUG -DUSE_HAL_DRIVER -DSTM32F103xB -c -I../Core/Inc -I../Drivers/STM32F1xx_HAL_Driver/Inc/Legacy -I../Drivers/STM32F1xx_HAL_Driver/Inc -I../Drivers/CMSIS/Device/ST/STM32F1xx/Include -I../Drivers/CMSIS/Include -I../Middlewares/Third_Party/FreeRTOS/Source/include -I../Middlewares/Third_Party/FreeRTOS/Source/CMSIS_RTOS_V2 -I../Middlewares/Third_Party/FreeRTOS/Source/portable/GCC/ARM_CM3 -O0 -ffunction-sections -fdata-sections -Wall -fstack-usage -MMD -MP -MF"Drivers/STM32F1xx_HAL_Driver/Src/stm32f1xx_hal_gpio.d" -MT"Drivers/STM32F1xx_HAL_Driver/Src/stm32f1xx_hal_gpio.o" --specs=nano.specs -mfloat-abi=soft -mthumb -o "Drivers/STM32F1xx_HAL_Driver/Src/stm32f1xx_hal_gpio.o"
arm-none-eabi-gcc "../Drivers/STM32F1xx_HAL_Driver/Src/stm32f1xx_hal_gpio_ex.c" -mcpu=cortex-m3 -std=gnu11 -g3 -DDEBUG -DUSE_HAL_DRIVER -DSTM32F103xB -c -I../Core/Inc -I../Drivers/STM32F1xx_HAL_Driver/Inc/Legacy -I../Drivers/STM32F1xx_HAL_Driver/Inc -I../Drivers/CMSIS/Device/ST/STM32F1xx/Include -I../Drivers/CMSIS/Include -I../Middlewares/Third_Party/FreeRTOS/Source/include -I../Middlewares/Third_Party/FreeRTOS/Source/CMSIS_RTOS_V2 -I../Middlewares/Third_Party/FreeRTOS/Source/portable/GCC/ARM_CM3 -O0 -ffunction-sections -fdata-sections -Wall -fstack-usage -MMD -MP -MF"Drivers/STM32F1xx_HAL_Driver/Src/stm32f1xx_hal_gpio_ex.d" -MT"Drivers/STM32F1xx_HAL_Driver/Src/stm32f1xx_hal_gpio_ex.o" --specs=nano.specs -mfloat-abi=soft -mthumb -o "Drivers/STM32F1xx_HAL_Driver/Src/stm32f1xx_hal_gpio_ex.o"
arm-none-eabi-gcc "../Drivers/STM32F1xx_HAL_Driver/Src/stm32f1xx_hal_pwr.c" -mcpu=cortex-m3 -std=gnu11 -g3 -DDEBUG -DUSE_HAL_DRIVER -DSTM32F103xB -c -I../Core/Inc -I../Drivers/STM32F1xx_HAL_Driver/Inc/Legacy -I../Drivers/STM32F1xx_HAL_Driver/Inc -I../Drivers/CMSIS/Device/ST/STM32F1xx/Include -I../Drivers/CMSIS/Include -I../Middlewares/Third_Party/FreeRTOS/Source/include -I../Middlewares/Third_Party/FreeRTOS/Source/CMSIS_RTOS_V2 -I../Middlewares/Third_Party/FreeRTOS/Source/portable/GCC/ARM_CM3 -O0 -ffunction-sections -fdata-sections -Wall -fstack-usage -MMD -MP -MF"Drivers/STM32F1xx_HAL_Driver/Src/stm32f1xx_hal_pwr.d" -MT"Drivers/STM32F1xx_HAL_Driver/Src/stm32f1xx_hal_pwr.o" --specs=nano.specs -mfloat-abi=soft -mthumb -o "Drivers/STM32F1xx_HAL_Driver/Src/stm32f1xx_hal_pwr.o"
arm-none-eabi-gcc "../Drivers/STM32F1xx_HAL_Driver/Src/stm32f1xx_hal_rcc.c" -mcpu=cortex-m3 -std=gnu11 -g3 -DDEBUG -DUSE_HAL_DRIVER -DSTM32F103xB -c -I../Core/Inc -I../Drivers/STM32F1xx_HAL_Driver/Inc/Legacy -I../Drivers/STM32F1xx_HAL_Driver/Inc -I../Drivers/CMSIS/Device/ST/STM32F1xx/Include -I../Drivers/CMSIS/Include -I../Middlewares/Third_Party/FreeRTOS/Source/include -I../Middlewares/Third_Party/FreeRTOS/Source/CMSIS_RTOS_V2 -I../Middlewares/Third_Party/FreeRTOS/Source/portable/GCC/ARM_CM3 -O0 -ffunction-sections -fdata-sections -Wall -fstack-usage -MMD -MP -MF"Drivers/STM32F1xx_HAL_Driver/Src/stm32f1xx_hal_rcc.d" -MT"Drivers/STM32F1xx_HAL_Driver/Src/stm32f1xx_hal_rcc.o" --specs=nano.specs -mfloat-abi=soft -mthumb -o "Drivers/STM32F1xx_HAL_Driver/Src/stm32f1xx_hal_rcc.o"
arm-none-eabi-gcc "../Drivers/STM32F1xx_HAL_Driver/Src/stm32f1xx_hal_rcc_ex.c" -mcpu=cortex-m3 -std=gnu11 -g3 -DDEBUG -DUSE_HAL_DRIVER -DSTM32F103xB -c -I../Core/Inc -I../Drivers/STM32F1xx_HAL_Driver/Inc/Legacy -I../Drivers/STM32F1xx_HAL_Driver/Inc -I../Drivers/CMSIS/Device/ST/STM32F1xx/Include -I../Drivers/CMSIS/Include -I../Middlewares/Third_Party/FreeRTOS/Source/include -I../Middlewares/Third_Party/FreeRTOS/Source/CMSIS_RTOS_V2 -I../Middlewares/Third_Party/FreeRTOS/Source/portable/GCC/ARM_CM3 -O0 -ffunction-sections -fdata-sections -Wall -fstack-usage -MMD -MP -MF"Drivers/STM32F1xx_HAL_Driver/Src/stm32f1xx_hal_rcc_ex.d" -MT"Drivers/STM32F1xx_HAL_Driver/Src/stm32f1xx_hal_rcc_ex.o" --specs=nano.specs -mfloat-abi=soft -mthumb -o "Drivers/STM32F1xx_HAL_Driver/Src/stm32f1xx_hal_rcc_ex.o"
arm-none-eabi-gcc -mcpu=cortex-m3 -g3 -DDEBUG -c -x assembler-with-cpp -MMD -MP -MF"Core/Startup/startup_stm32f103c8tx.d" -MT"Core/Startup/startup_stm32f103c8tx.o" --specs=nano.specs -mfloat-abi=soft -mthumb -o "Core/Startup/startup_stm32f103c8tx.o" "../Core/Startup/startup_stm32f103c8tx.s"
arm-none-eabi-gcc "../Core/Src/freertos.c" -mcpu=cortex-m3 -std=gnu11 -g3 -DDEBUG -DUSE_HAL_DRIVER -DSTM32F103xB -c -I../Core/Inc -I../Drivers/STM32F1xx_HAL_Driver/Inc/Legacy -I../Drivers/STM32F1xx_HAL_Driver/Inc -I../Drivers/CMSIS/Device/ST/STM32F1xx/Include -I../Drivers/CMSIS/Include -I../Middlewares/Third_Party/FreeRTOS/Source/include -I../Middlewares/Third_Party/FreeRTOS/Source/CMSIS_RTOS_V2 -I../Middlewares/Third_Party/FreeRTOS/Source/portable/GCC/ARM_CM3 -O0 -ffunction-sections -fdata-sections -Wall -fstack-usage -MMD -MP -MF"Core/Src/freertos.d" -MT"Core/Src/freertos.o" --specs=nano.specs -mfloat-abi=soft -mthumb -o "Core/Src/freertos.o"
arm-none-eabi-gcc "../Core/Src/main.c" -mcpu=cortex-m3 -std=gnu11 -g3 -DDEBUG -DUSE_HAL_DRIVER -DSTM32F103xB -c -I../Core/Inc -I../Drivers/STM32F1xx_HAL_Driver/Inc/Legacy -I../Drivers/STM32F1xx_HAL_Driver/Inc -I../Drivers/CMSIS/Device/ST/STM32F1xx/Include -I../Drivers/CMSIS/Include -I../Middlewares/Third_Party/FreeRTOS/Source/include -I../Middlewares/Third_Party/FreeRTOS/Source/CMSIS_RTOS_V2 -I../Middlewares/Third_Party/FreeRTOS/Source/portable/GCC/ARM_CM3 -O0 -ffunction-sections -fdata-sections -Wall -fstack-usage -MMD -MP -MF"Core/Src/main.d" -MT"Core/Src/main.o" --specs=nano.specs -mfloat-abi=soft -mthumb -o "Core/Src/main.o"
arm-none-eabi-gcc "../Core/Src/stm32f1xx_hal_msp.c" -mcpu=cortex-m3 -std=gnu11 -g3 -DDEBUG -DUSE_HAL_DRIVER -DSTM32F103xB -c -I../Core/Inc -I../Drivers/STM32F1xx_HAL_Driver/Inc/Legacy -I../Drivers/STM32F1xx_HAL_Driver/Inc -I../Drivers/CMSIS/Device/ST/STM32F1xx/Include -I../Drivers/CMSIS/Include -I../Middlewares/Third_Party/FreeRTOS/Source/include -I../Middlewares/Third_Party/FreeRTOS/Source/CMSIS_RTOS_V2 -I../Middlewares/Third_Party/FreeRTOS/Source/portable/GCC/ARM_CM3 -O0 -ffunction-sections -fdata-sections -Wall -fstack-usage -MMD -MP -MF"Core/Src/stm32f1xx_hal_msp.d" -MT"Core/Src/stm32f1xx_hal_msp.o" --specs=nano.specs -mfloat-abi=soft -mthumb -o "Core/Src/stm32f1xx_hal_msp.o"
arm-none-eabi-gcc "../Core/Src/stm32f1xx_it.c" -mcpu=cortex-m3 -std=gnu11 -g3 -DDEBUG -DUSE_HAL_DRIVER -DSTM32F103xB -c -I../Core/Inc -I../Drivers/STM32F1xx_HAL_Driver/Inc/Legacy -I../Drivers/STM32F1xx_HAL_Driver/Inc -I../Drivers/CMSIS/Device/ST/STM32F1xx/Include -I../Drivers/CMSIS/Include -I../Middlewares/Third_Party/FreeRTOS/Source/include -I../Middlewares/Third_Party/FreeRTOS/Source/CMSIS_RTOS_V2 -I../Middlewares/Third_Party/FreeRTOS/Source/portable/GCC/ARM_CM3 -O0 -ffunction-sections -fdata-sections -Wall -fstack-usage -MMD -MP -MF"Core/Src/stm32f1xx_it.d" -MT"Core/Src/stm32f1xx_it.o" --specs=nano.specs -mfloat-abi=soft -mthumb -o "Core/Src/stm32f1xx_it.o"
arm-none-eabi-gcc "../Core/Src/syscalls.c" -mcpu=cortex-m3 -std=gnu11 -g3 -DDEBUG -DUSE_HAL_DRIVER -DSTM32F103xB -c -I../Core/Inc -I../Drivers/STM32F1xx_HAL_Driver/Inc/Legacy -I../Drivers/STM32F1xx_HAL_Driver/Inc -I../Drivers/CMSIS/Device/ST/STM32F1xx/Include -I../Drivers/CMSIS/Include -I../Middlewares/Third_Party/FreeRTOS/Source/include -I../Middlewares/Third_Party/FreeRTOS/Source/CMSIS_RTOS_V2 -I../Middlewares/Third_Party/FreeRTOS/Source/portable/GCC/ARM_CM3 -O0 -ffunction-sections -fdata-sections -Wall -fstack-usage -MMD -MP -MF"Core/Src/syscalls.d" -MT"Core/Src/syscalls.o" --specs=nano.specs -mfloat-abi=soft -mthumb -o "Core/Src/syscalls.o"
arm-none-eabi-gcc "../Core/Src/sysmem.c" -mcpu=cortex-m3 -std=gnu11 -g3 -DDEBUG -DUSE_HAL_DRIVER -DSTM32F103xB -c -I../Core/Inc -I../Drivers/STM32F1xx_HAL_Driver/Inc/Legacy -I../Drivers/STM32F1xx_HAL_Driver/Inc -I../Drivers/CMSIS/Device/ST/STM32F1xx/Include -I../Drivers/CMSIS/Include -I../Middlewares/Third_Party/FreeRTOS/Source/include -I../Middlewares/Third_Party/FreeRTOS/Source/CMSIS_RTOS_V2 -I../Middlewares/Third_Party/FreeRTOS/Source/portable/GCC/ARM_CM3 -O0 -ffunction-sections -fdata-sections -Wall -fstack-usage -MMD -MP -MF"Core/Src/sysmem.d" -MT"Core/Src/sysmem.o" --specs=nano.specs -mfloat-abi=soft -mthumb -o "Core/Src/sysmem.o"
arm-none-eabi-gcc "../Core/Src/system_stm32f1xx.c" -mcpu=cortex-m3 -std=gnu11 -g3 -DDEBUG -DUSE_HAL_DRIVER -DSTM32F103xB -c -I../Core/Inc -I../Drivers/STM32F1xx_HAL_Driver/Inc/Legacy -I../Drivers/STM32F1xx_HAL_Driver/Inc -I../Drivers/CMSIS/Device/ST/STM32F1xx/Include -I../Drivers/CMSIS/Include -I../Middlewares/Third_Party/FreeRTOS/Source/include -I../Middlewares/Third_Party/FreeRTOS/Source/CMSIS_RTOS_V2 -I../Middlewares/Third_Party/FreeRTOS/Source/portable/GCC/ARM_CM3 -O0 -ffunction-sections -fdata-sections -Wall -fstack-usage -MMD -MP -MF"Core/Src/system_stm32f1xx.d" -MT"Core/Src/system_stm32f1xx.o" --specs=nano.specs -mfloat-abi=soft -mthumb -o "Core/Src/system_stm32f1xx.o"
arm-none-eabi-gcc -o "freertos.elf" @"objects.list"   -mcpu=cortex-m3 -T"C:\Users\bakra\Desktop\STM32 Projects\freertos\STM32F103C8TX_FLASH.ld" --specs=nosys.specs -Wl,-Map="freertos.map" -Wl,--gc-sections -static --specs=nano.specs -mfloat-abi=soft -mthumb -Wl,--start-group -lc -lm -Wl,--end-group
Finished building target: freertos.elf
 
arm-none-eabi-size   freertos.elf 
arm-none-eabi-objdump -h -S  freertos.elf  > "freertos.list"
   text	   data	    bss	    dec	    hex	filename
  15452	     24	   8048	  23524	   5be4	freertos.elf
Finished building: default.size.stdout
 
Finished building: freertos.list
 
20:04:27 **** Incremental Build of configuration Debug for project freertos ****
make -j8 all 
arm-none-eabi-gcc "../Core/Src/main.c" -mcpu=cortex-m3 -std=gnu11 -g3 -DDEBUG -DUSE_HAL_DRIVER -DSTM32F103xB -c -I../Core/Inc -I../Drivers/STM32F1xx_HAL_Driver/Inc/Legacy -I../Drivers/STM32F1xx_HAL_Driver/Inc -I../Drivers/CMSIS/Device/ST/STM32F1xx/Include -I../Drivers/CMSIS/Include -I../Middlewares/Third_Party/FreeRTOS/Source/include -I../Middlewares/Third_Party/FreeRTOS/Source/CMSIS_RTOS_V2 -I../Middlewares/Third_Party/FreeRTOS/Source/portable/GCC/ARM_CM3 -O0 -ffunction-sections -fdata-sections -Wall -fstack-usage -MMD -MP -MF"Core/Src/main.d" -MT"Core/Src/main.o" --specs=nano.specs -mfloat-abi=soft -mthumb -o "Core/Src/main.o"
arm-none-eabi-gcc -o "freertos.elf" @"objects.list"   -mcpu=cortex-m3 -T"C:\Users\bakra\Desktop\STM32 Projects\freertos\STM32F103C8TX_FLASH.ld" --specs=nosys.specs -Wl,-Map="freertos.map" -Wl,--gc-sections -static --specs=nano.specs -mfloat-abi=soft -mthumb -Wl,--start-group -lc -lm -Wl,--end-group
Finished building target: freertos.elf
 
arm-none-eabi-size   freertos.elf 
arm-none-eabi-objdump -h -S  freertos.elf  > "freertos.list"
   text	   data	    bss	    dec	    hex	filename
  15516	     24	   8048	  23588	   5c24	freertos.elf
Finished building: default.size.stdout
 
Finished building: freertos.list
 
20:04:35 **** Incremental Build of configuration Debug for project freertos ****
make -j8 all 
arm-none-eabi-size   freertos.elf 
   text	   data	    bss	    dec	    hex	filename
  15516	     24	   8048	  23588	   5c24	freertos.elf
Finished building: default.size.stdout
 
20:06:19 **** Incremental Build of configuration Debug for project freertos ****
make -j8 all 
arm-none-eabi-size   freertos.elf 
   text	   data	    bss	    dec	    hex	filename
  15516	     24	   8048	  23588	   5c24	freertos.elf
Finished building: default.size.stdout
 
