18:34:02 **** Incremental Build of configuration Debug for project lcd_demo ****
make -j8 all 
arm-none-eabi-gcc "../Core/Src/main.c" -mcpu=cortex-m3 -std=gnu11 -g3 -DDEBUG -DUSE_HAL_DRIVER -DSTM32F103xB -c -I../Core/Inc -I../Drivers/STM32F1xx_HAL_Driver/Inc/Legacy -I../Drivers/STM32F1xx_HAL_Driver/Inc -I../Drivers/CMSIS/Device/ST/STM32F1xx/Include -I../Drivers/CMSIS/Include -O0 -ffunction-sections -fdata-sections -Wall -fstack-usage -MMD -MP -MF"Core/Src/main.d" -MT"Core/Src/main.o" --specs=nano.specs -mfloat-abi=soft -mthumb -o "Core/Src/main.o"
../Core/Src/main.c: In function 'main':
../Core/Src/main.c:172:8: warning: unused variable 'buf' [-Wunused-variable]
  172 |   char buf[4];
      |        ^~~
arm-none-eabi-gcc -o "lcd_demo.elf" @"objects.list"   -mcpu=cortex-m3 -T"C:\Users\bakra\Desktop\STM32 Projects\lcd_demo\STM32F103C8TX_FLASH.ld" --specs=nosys.specs -Wl,-Map="lcd_demo.map" -Wl,--gc-sections -static --specs=nano.specs -mfloat-abi=soft -mthumb -u _printf_float -Wl,--start-group -lc -lm -Wl,--end-group
Finished building target: lcd_demo.elf
 
arm-none-eabi-size   lcd_demo.elf 
arm-none-eabi-objdump -h -S  lcd_demo.elf  > "lcd_demo.list"
   text	   data	    bss	    dec	    hex	filename
  27352	    500	   1804	  29656	   73d8	lcd_demo.elf
Finished building: default.size.stdout
 
Finished building: lcd_demo.list
 

18:34:05 Build Finished. 0 errors, 1 warnings. (took 3s.613ms)

