12:16:25 **** Incremental Build of configuration Debug for project multimode_trafficlight ****
make -j8 all 
arm-none-eabi-gcc "../Core/Src/main.c" -mcpu=cortex-m3 -std=gnu11 -g3 -DDEBUG -DUSE_HAL_DRIVER -DSTM32F103xB -c -I../Core/Inc -I../Drivers/STM32F1xx_HAL_Driver/Inc -I../Drivers/STM32F1xx_HAL_Driver/Inc/Legacy -I../Drivers/CMSIS/Device/ST/STM32F1xx/Include -I../Drivers/CMSIS/Include -O0 -ffunction-sections -fdata-sections -Wall -fstack-usage -MMD -MP -MF"Core/Src/main.d" -MT"Core/Src/main.o" --specs=nano.specs -mfloat-abi=soft -mthumb -o "Core/Src/main.o"
arm-none-eabi-gcc -o "multimode_trafficlight.elf" @"objects.list"   -mcpu=cortex-m3 -T"C:\Users\bakra\Desktop\STM32 Projects\multimode_trafficlight\STM32F103C8TX_FLASH.ld" --specs=nosys.specs -Wl,-Map="multimode_trafficlight.map" -Wl,--gc-sections -static --specs=nano.specs -mfloat-abi=soft -mthumb -Wl,--start-group -lc -lm -Wl,--end-group
Finished building target: multimode_trafficlight.elf
 
arm-none-eabi-size   multimode_trafficlight.elf 
arm-none-eabi-objdump -h -S  multimode_trafficlight.elf  > "multimode_trafficlight.list"
   text	   data	    bss	    dec	    hex	filename
   8548	     24	   1640	  10212	   27e4	multimode_trafficlight.elf
Finished building: default.size.stdout
 
Finished building: multimode_trafficlight.list
 

12:16:25 Build Finished. 0 errors, 0 warnings. (took 509ms)

